../Core/Src/Bsp.c:62:6:Bsp_StartAdc	8	static
../Core/Src/Bsp.c:67:5:Bsp_GetAdc	8	static
../Core/Src/Bsp.c:75:6:Bsp_StartPwm	4	static
../Core/Src/Bsp.c:82:6:Bsp_SetLedDuty	16	static
../Core/Src/Bsp.c:98:6:Bsp_StartSerialReception	8	static
../Core/Src/Bsp.c:103:6:Bsp_SendString	16	static
../Core/Src/Bsp.c:108:6:Bsp_IsSerialDataReady	4	static
../Core/Src/Bsp.c:113:6:Bsp_GetSerialChar	16	static
../Core/Src/Bsp.c:122:6:Bsp_ReadButton	8	static
../Core/Src/Bsp.c:133:6:Bsp_IsButtonFlag	4	static
../Core/Src/Bsp.c:138:6:Bsp_ClearButtonFlag	4	static
../Core/Src/Bsp.c:142:6:Bsp_IsDebounceFlag	4	static
../Core/Src/Bsp.c:147:6:Bsp_ClearDebounceFlag	4	static
../Core/Src/Bsp.c:154:6:Bsp_StartSampleTimer	8	static
../Core/Src/Bsp.c:159:6:Bsp_StartDebounceTimer	8	static
../Core/Src/Bsp.c:165:6:Bsp_IsSampleFlag	4	static
../Core/Src/Bsp.c:170:6:Bsp_ClearSampleFlag	4	static
../Core/Src/Bsp.c:184:6:HAL_TIM_PeriodElapsedCallback	16	static
../Core/Src/Bsp.c:216:6:HAL_GPIO_EXTI_Callback	16	static
../Core/Src/Bsp.c:228:6:HAL_UART_RxCpltCallback	16	static
