Archive member included to satisfy reference by file (symbol)

C:/ST/STM32CubeIDE_2.1.1/STM32CubeIDE/plugins/com.st.stm32cube.ide.mcu.externaltools.gnu-tools-for-stm32.14.3.rel1.win32_1.0.100.202602081740/tools/bin/../lib/gcc/arm-none-eabi/14.3.1/../../../../arm-none-eabi/lib/thumb/v7e-m+dp/hard\libc_nano.a(libc_a-exit.o)
                              C:/ST/STM32CubeIDE_2.1.1/STM32CubeIDE/plugins/com.st.stm32cube.ide.mcu.externaltools.gnu-tools-for-stm32.14.3.rel1.win32_1.0.100.202602081740/tools/bin/../lib/gcc/arm-none-eabi/14.3.1/../../../../arm-none-eabi/lib/thumb/v7e-m+dp/hard/crt0.o (exit)
C:/ST/STM32CubeIDE_2.1.1/STM32CubeIDE/plugins/com.st.stm32cube.ide.mcu.externaltools.gnu-tools-for-stm32.14.3.rel1.win32_1.0.100.202602081740/tools/bin/../lib/gcc/arm-none-eabi/14.3.1/../../../../arm-none-eabi/lib/thumb/v7e-m+dp/hard\libc_nano.a(libc_a-findfp.o)
                              C:/ST/STM32CubeIDE_2.1.1/STM32CubeIDE/plugins/com.st.stm32cube.ide.mcu.externaltools.gnu-tools-for-stm32.14.3.rel1.win32_1.0.100.202602081740/tools/bin/../lib/gcc/arm-none-eabi/14.3.1/../../../../arm-none-eabi/lib/thumb/v7e-m+dp/hard\libc_nano.a(libc_a-exit.o) (__stdio_exit_handler)
C:/ST/STM32CubeIDE_2.1.1/STM32CubeIDE/plugins/com.st.stm32cube.ide.mcu.externaltools.gnu-tools-for-stm32.14.3.rel1.win32_1.0.100.202602081740/tools/bin/../lib/gcc/arm-none-eabi/14.3.1/../../../../arm-none-eabi/lib/thumb/v7e-m+dp/hard\libc_nano.a(libc_a-fwalk.o)
                              C:/ST/STM32CubeIDE_2.1.1/STM32CubeIDE/plugins/com.st.stm32cube.ide.mcu.externaltools.gnu-tools-for-stm32.14.3.rel1.win32_1.0.100.202602081740/tools/bin/../lib/gcc/arm-none-eabi/14.3.1/../../../../arm-none-eabi/lib/thumb/v7e-m+dp/hard\libc_nano.a(libc_a-findfp.o) (_fwalk_sglue)
C:/ST/STM32CubeIDE_2.1.1/STM32CubeIDE/plugins/com.st.stm32cube.ide.mcu.externaltools.gnu-tools-for-stm32.14.3.rel1.win32_1.0.100.202602081740/tools/bin/../lib/gcc/arm-none-eabi/14.3.1/../../../../arm-none-eabi/lib/thumb/v7e-m+dp/hard\libc_nano.a(libc_a-snprintf.o)
                              ./Core/Src/main.o (snprintf)
C:/ST/STM32CubeIDE_2.1.1/STM32CubeIDE/plugins/com.st.stm32cube.ide.mcu.externaltools.gnu-tools-for-stm32.14.3.rel1.win32_1.0.100.202602081740/tools/bin/../lib/gcc/arm-none-eabi/14.3.1/../../../../arm-none-eabi/lib/thumb/v7e-m+dp/hard\libc_nano.a(libc_a-stdio.o)
                              C:/ST/STM32CubeIDE_2.1.1/STM32CubeIDE/plugins/com.st.stm32cube.ide.mcu.externaltools.gnu-tools-for-stm32.14.3.rel1.win32_1.0.100.202602081740/tools/bin/../lib/gcc/arm-none-eabi/14.3.1/../../../../arm-none-eabi/lib/thumb/v7e-m+dp/hard\libc_nano.a(libc_a-findfp.o) (__sread)
C:/ST/STM32CubeIDE_2.1.1/STM32CubeIDE/plugins/com.st.stm32cube.ide.mcu.externaltools.gnu-tools-for-stm32.14.3.rel1.win32_1.0.100.202602081740/tools/bin/../lib/gcc/arm-none-eabi/14.3.1/../../../../arm-none-eabi/lib/thumb/v7e-m+dp/hard\libc_nano.a(libc_a-memset.o)
                              C:/ST/STM32CubeIDE_2.1.1/STM32CubeIDE/plugins/com.st.stm32cube.ide.mcu.externaltools.gnu-tools-for-stm32.14.3.rel1.win32_1.0.100.202602081740/tools/bin/../lib/gcc/arm-none-eabi/14.3.1/../../../../arm-none-eabi/lib/thumb/v7e-m+dp/hard/crt0.o (memset)
C:/ST/STM32CubeIDE_2.1.1/STM32CubeIDE/plugins/com.st.stm32cube.ide.mcu.externaltools.gnu-tools-for-stm32.14.3.rel1.win32_1.0.100.202602081740/tools/bin/../lib/gcc/arm-none-eabi/14.3.1/../../../../arm-none-eabi/lib/thumb/v7e-m+dp/hard\libc_nano.a(libc_a-closer.o)
                              C:/ST/STM32CubeIDE_2.1.1/STM32CubeIDE/plugins/com.st.stm32cube.ide.mcu.externaltools.gnu-tools-for-stm32.14.3.rel1.win32_1.0.100.202602081740/tools/bin/../lib/gcc/arm-none-eabi/14.3.1/../../../../arm-none-eabi/lib/thumb/v7e-m+dp/hard\libc_nano.a(libc_a-stdio.o) (_close_r)
C:/ST/STM32CubeIDE_2.1.1/STM32CubeIDE/plugins/com.st.stm32cube.ide.mcu.externaltools.gnu-tools-for-stm32.14.3.rel1.win32_1.0.100.202602081740/tools/bin/../lib/gcc/arm-none-eabi/14.3.1/../../../../arm-none-eabi/lib/thumb/v7e-m+dp/hard\libc_nano.a(libc_a-reent.o)
                              C:/ST/STM32CubeIDE_2.1.1/STM32CubeIDE/plugins/com.st.stm32cube.ide.mcu.externaltools.gnu-tools-for-stm32.14.3.rel1.win32_1.0.100.202602081740/tools/bin/../lib/gcc/arm-none-eabi/14.3.1/../../../../arm-none-eabi/lib/thumb/v7e-m+dp/hard\libc_nano.a(libc_a-closer.o) (errno)
C:/ST/STM32CubeIDE_2.1.1/STM32CubeIDE/plugins/com.st.stm32cube.ide.mcu.externaltools.gnu-tools-for-stm32.14.3.rel1.win32_1.0.100.202602081740/tools/bin/../lib/gcc/arm-none-eabi/14.3.1/../../../../arm-none-eabi/lib/thumb/v7e-m+dp/hard\libc_nano.a(libc_a-impure.o)
                              C:/ST/STM32CubeIDE_2.1.1/STM32CubeIDE/plugins/com.st.stm32cube.ide.mcu.externaltools.gnu-tools-for-stm32.14.3.rel1.win32_1.0.100.202602081740/tools/bin/../lib/gcc/arm-none-eabi/14.3.1/../../../../arm-none-eabi/lib/thumb/v7e-m+dp/hard\libc_nano.a(libc_a-snprintf.o) (_impure_ptr)
[...]
Memory Configuration

Name             Origin             Length             Attributes
RAM              0x20000000         0x00080000         xrw
FLASH            0x08000000         0x00200000         xr
*default*        0x00000000         0xffffffff

Linker script and memory map

LOAD C:/ST/STM32CubeIDE_2.1.1/STM32CubeIDE/plugins/com.st.stm32cube.ide.mcu.externaltools.gnu-tools-for-stm32.14.3.rel1.win32_1.0.100.202602081740/tools/bin/../lib/gcc/arm-none-eabi/14.3.1/thumb/v7e-m+dp/hard/crti.o
LOAD C:/ST/STM32CubeIDE_2.1.1/STM32CubeIDE/plugins/com.st.stm32cube.ide.mcu.externaltools.gnu-tools-for-stm32.14.3.rel1.win32_1.0.100.202602081740/tools/bin/../lib/gcc/arm-none-eabi/14.3.1/thumb/v7e-m+dp/hard/crtbegin.o
LOAD C:/ST/STM32CubeIDE_2.1.1/STM32CubeIDE/plugins/com.st.stm32cube.ide.mcu.externaltools.gnu-tools-for-stm32.14.3.rel1.win32_1.0.100.202602081740/tools/bin/../lib/gcc/arm-none-eabi/14.3.1/../../../../arm-none-eabi/lib/thumb/v7e-m+dp/hard/crt0.o
LOAD ./Core/Src/Bsp.o
LOAD ./Core/Src/Button.o
LOAD ./Core/Src/LedPwm.o
LOAD ./Core/Src/Sampler.o
LOAD ./Core/Src/SerialCmd.o
LOAD ./Core/Src/adc.o
LOAD ./Core/Src/eth.o
LOAD ./Core/Src/gpio.o
LOAD ./Core/Src/main.o
LOAD ./Core/Src/stm32f7xx_hal_msp.o
LOAD ./Core/Src/stm32f7xx_it.o
LOAD ./Core/Src/syscalls.o
LOAD ./Core/Src/sysmem.o
LOAD ./Core/Src/system_stm32f7xx.o
LOAD ./Core/Src/tim.o
LOAD ./Core/Src/usart.o
LOAD ./Core/Src/usb_otg.o
LOAD ./Core/Startup/startup_stm32f767zitx.o
LOAD ./Drivers/STM32F7xx_HAL_Driver/Src/stm32f7xx_hal.o
LOAD ./Drivers/STM32F7xx_HAL_Driver/Src/stm32f7xx_hal_adc.o
LOAD ./Drivers/STM32F7xx_HAL_Driver/Src/stm32f7xx_hal_adc_ex.o
LOAD ./Drivers/STM32F7xx_HAL_Driver/Src/stm32f7xx_hal_cortex.o
LOAD ./Drivers/STM32F7xx_HAL_Driver/Src/stm32f7xx_hal_dma.o
LOAD ./Drivers/STM32F7xx_HAL_Driver/Src/stm32f7xx_hal_dma_ex.o
LOAD ./Drivers/STM32F7xx_HAL_Driver/Src/stm32f7xx_hal_eth.o
LOAD ./Drivers/STM32F7xx_HAL_Driver/Src/stm32f7xx_hal_exti.o
LOAD ./Drivers/STM32F7xx_HAL_Driver/Src/stm32f7xx_hal_flash.o
LOAD ./Drivers/STM32F7xx_HAL_Driver/Src/stm32f7xx_hal_flash_ex.o
LOAD ./Drivers/STM32F7xx_HAL_Driver/Src/stm32f7xx_hal_gpio.o
LOAD ./Drivers/STM32F7xx_HAL_Driver/Src/stm32f7xx_hal_i2c.o
LOAD ./Drivers/STM32F7xx_HAL_Driver/Src/stm32f7xx_hal_i2c_ex.o
LOAD ./Drivers/STM32F7xx_HAL_Driver/Src/stm32f7xx_hal_pcd.o
LOAD ./Drivers/STM32F7xx_HAL_Driver/Src/stm32f7xx_hal_pcd_ex.o
LOAD ./Drivers/STM32F7xx_HAL_Driver/Src/stm32f7xx_hal_pwr.o
LOAD ./Drivers/STM32F7xx_HAL_Driver/Src/stm32f7xx_hal_pwr_ex.o
LOAD ./Drivers/STM32F7xx_HAL_Driver/Src/stm32f7xx_hal_rcc.o
LOAD ./Drivers/STM32F7xx_HAL_Driver/Src/stm32f7xx_hal_rcc_ex.o
LOAD ./Drivers/STM32F7xx_HAL_Driver/Src/stm32f7xx_hal_tim.o
LOAD ./Drivers/STM32F7xx_HAL_Driver/Src/stm32f7xx_hal_tim_ex.o
LOAD ./Drivers/STM32F7xx_HAL_Driver/Src/stm32f7xx_hal_uart.o
LOAD ./Drivers/STM32F7xx_HAL_Driver/Src/stm32f7xx_hal_uart_ex.o
LOAD ./Drivers/STM32F7xx_HAL_Driver/Src/stm32f7xx_ll_usb.o
START GROUP
LOAD C:/ST/STM32CubeIDE_2.1.1/STM32CubeIDE/plugins/com.st.stm32cube.ide.mcu.externaltools.gnu-tools-for-stm32.14.3.rel1.win32_1.0.100.202602081740/tools/bin/../lib/gcc/arm-none-eabi/14.3.1/../../../../arm-none-eabi/lib/thumb/v7e-m+dp/hard\libc_nano.a
LOAD C:/ST/STM32CubeIDE_2.1.1/STM32CubeIDE/plugins/com.st.stm32cube.ide.mcu.externaltools.gnu-tools-for-stm32.14.3.rel1.win32_1.0.100.202602081740/tools/bin/../lib/gcc/arm-none-eabi/14.3.1/../../../../arm-none-eabi/lib/thumb/v7e-m+dp/hard\libm.a
END GROUP
START GROUP
LOAD C:/ST/STM32CubeIDE_2.1.1/STM32CubeIDE/plugins/com.st.stm32cube.ide.mcu.externaltools.gnu-tools-for-stm32.14.3.rel1.win32_1.0.100.202602081740/tools/bin/../lib/gcc/arm-none-eabi/14.3.1/thumb/v7e-m+dp/hard\libgcc.a
LOAD C:/ST/STM32CubeIDE_2.1.1/STM32CubeIDE/plugins/com.st.stm32cube.ide.mcu.externaltools.gnu-tools-for-stm32.14.3.rel1.win32_1.0.100.202602081740/tools/bin/../lib/gcc/arm-none-eabi/14.3.1/../../../../arm-none-eabi/lib/thumb/v7e-m+dp/hard\libc_nano.a
END GROUP
START GROUP
LOAD C:/ST/STM32CubeIDE_2.1.1/STM32CubeIDE/plugins/com.st.stm32cube.ide.mcu.externaltools.gnu-tools-for-stm32.14.3.rel1.win32_1.0.100.202602081740/tools/bin/../lib/gcc/arm-none-eabi/14.3.1/thumb/v7e-m+dp/hard\libgcc.a
LOAD C:/ST/STM32CubeIDE_2.1.1/STM32CubeIDE/plugins/com.st.stm32cube.ide.mcu.externaltools.gnu-tools-for-stm32.14.3.rel1.win32_1.0.100.202602081740/tools/bin/../lib/gcc/arm-none-eabi/14.3.1/../../../../arm-none-eabi/lib/thumb/v7e-m+dp/hard\libc_nano.a
LOAD C:/ST/STM32CubeIDE_2.1.1/STM32CubeIDE/plugins/com.st.stm32cube.ide.mcu.externaltools.gnu-tools-for-stm32.14.3.rel1.win32_1.0.100.202602081740/tools/bin/../lib/gcc/arm-none-eabi/14.3.1/../../../../arm-none-eabi/lib/thumb/v7e-m+dp/hard\libnosys.a
END GROUP
START GROUP
LOAD C:/ST/STM32CubeIDE_2.1.1/STM32CubeIDE/plugins/com.st.stm32cube.ide.mcu.externaltools.gnu-tools-for-stm32.14.3.rel1.win32_1.0.100.202602081740/tools/bin/../lib/gcc/arm-none-eabi/14.3.1/thumb/v7e-m+dp/hard\libgcc.a
LOAD C:/ST/STM32CubeIDE_2.1.1/STM32CubeIDE/plugins/com.st.stm32cube.ide.mcu.externaltools.gnu-tools-for-stm32.14.3.rel1.win32_1.0.100.202602081740/tools/bin/../lib/gcc/arm-none-eabi/14.3.1/../../../../arm-none-eabi/lib/thumb/v7e-m+dp/hard\libc_nano.a
LOAD C:/ST/STM32CubeIDE_2.1.1/STM32CubeIDE/plugins/com.st.stm32cube.ide.mcu.externaltools.gnu-tools-for-stm32.14.3.rel1.win32_1.0.100.202602081740/tools/bin/../lib/gcc/arm-none-eabi/14.3.1/../../../../arm-none-eabi/lib/thumb/v7e-m+dp/hard\libnosys.a
END GROUP
LOAD C:/ST/STM32CubeIDE_2.1.1/STM32CubeIDE/plugins/com.st.stm32cube.ide.mcu.externaltools.gnu-tools-for-stm32.14.3.rel1.win32_1.0.100.202602081740/tools/bin/../lib/gcc/arm-none-eabi/14.3.1/thumb/v7e-m+dp/hard/crtend.o
LOAD C:/ST/STM32CubeIDE_2.1.1/STM32CubeIDE/plugins/com.st.stm32cube.ide.mcu.externaltools.gnu-tools-for-stm32.14.3.rel1.win32_1.0.100.202602081740/tools/bin/../lib/gcc/arm-none-eabi/14.3.1/thumb/v7e-m+dp/hard/crtn.o
                0x20080000                        _estack = (ORIGIN (RAM) + LENGTH (RAM))
                0x00000200                        _Min_Heap_Size = 0x200
                0x00000400                        _Min_Stack_Size = 0x400

.isr_vector     0x08000000      0x1f8
                0x08000000                        . = ALIGN (0x4)
 *(.isr_vector)
 .isr_vector    0x08000000      0x1f8 ./Core/Startup/startup_stm32f767zitx.o
                0x08000000                g_pfnVectors
                0x080001f8                        . = ALIGN (0x4)

.text           0x08000200     0x717c
                0x08000200                        . = ALIGN (0x4)
 *(.text)
 .text          0x08000200       0x40 C:/ST/STM32CubeIDE_2.1.1/STM32CubeIDE/plugins/com.st.stm32cube.ide.mcu.externaltools.gnu-tools-for-stm32.14.3.rel1.win32_1.0.100.202602081740/tools/bin/../lib/gcc/arm-none-eabi/14.3.1/thumb/v7e-m+dp/hard/crtbegin.o
 .text          0x08000240       0x10 C:/ST/STM32CubeIDE_2.1.1/STM32CubeIDE/plugins/com.st.stm32cube.ide.mcu.externaltools.gnu-tools-for-stm32.14.3.rel1.win32_1.0.100.202602081740/tools/bin/../lib/gcc/arm-none-eabi/14.3.1/../../../../arm-none-eabi/lib/thumb/v7e-m+dp/hard\libc_nano.a(libc_a-strlen.o)
                0x08000240                strlen
 .text          0x08000250       0xa0 C:/ST/STM32CubeIDE_2.1.1/STM32CubeIDE/plugins/com.st.stm32cube.ide.mcu.externaltools.gnu-tools-for-stm32.14.3.rel1.win32_1.0.100.202602081740/tools/bin/../lib/gcc/arm-none-eabi/14.3.1/../../../../arm-none-eabi/lib/thumb/v7e-m+dp/hard\libc_nano.a(libc_a-memchr.o)
                0x08000250                memchr
 .text          0x080002f0       0x30 C:/ST/STM32CubeIDE_2.1.1/STM32CubeIDE/plugins/com.st.stm32cube.ide.mcu.externaltools.gnu-tools-for-stm32.14.3.rel1.win32_1.0.100.202602081740/tools/bin/../lib/gcc/arm-none-eabi/14.3.1/thumb/v7e-m+dp/hard\libgcc.a(_aeabi_uldivmod.o)
                0x080002f0                __aeabi_uldivmod
 .text          0x08000320      0x2f8 C:/ST/STM32CubeIDE_2.1.1/STM32CubeIDE/plugins/com.st.stm32cube.ide.mcu.externaltools.gnu-tools-for-stm32.14.3.rel1.win32_1.0.100.202602081740/tools/bin/../lib/gcc/arm-none-eabi/14.3.1/thumb/v7e-m+dp/hard\libgcc.a(_udivmoddi4.o)
                0x08000320                __udivmoddi4
 .text          0x08000618        0x4 C:/ST/STM32CubeIDE_2.1.1/STM32CubeIDE/plugins/com.st.stm32cube.ide.mcu.externaltools.gnu-tools-for-stm32.14.3.rel1.win32_1.0.100.202602081740/tools/bin/../lib/gcc/arm-none-eabi/14.3.1/thumb/v7e-m+dp/hard\libgcc.a(_dvmd_tls.o)
                0x08000618                __aeabi_idiv0
                0x08000618                __aeabi_ldiv0
 *(.text*)
 .text.Bsp_StartAdc
                0x0800061c       0x14 ./Core/Src/Bsp.o
                0x0800061c                Bsp_StartAdc
 .text.Bsp_GetAdc
                0x08000630       0x20 ./Core/Src/Bsp.o
                0x08000630                Bsp_GetAdc
 .text.Bsp_StartPwm
                0x08000650       0x2c ./Core/Src/Bsp.o
                0x08000650                Bsp_StartPwm
 .text.Bsp_SetLedDuty
                0x0800067c       0x60 ./Core/Src/Bsp.o
                0x0800067c                Bsp_SetLedDuty
 .text.Bsp_StartSerialReception
                0x080006dc       0x1c ./Core/Src/Bsp.o
                0x080006dc                Bsp_StartSerialReception
 .text.Bsp_SendString
                0x080006f8       0x2c ./Core/Src/Bsp.o
                0x080006f8                Bsp_SendString
 .text.Bsp_IsSerialDataReady
                0x08000724       0x18 ./Core/Src/Bsp.o
                0x08000724                Bsp_IsSerialDataReady
 .text.Bsp_GetSerialChar
                0x0800073c       0x24 ./Core/Src/Bsp.o
                0x0800073c                Bsp_GetSerialChar
 .text.Bsp_ReadButton
                0x08000760       0x24 ./Core/Src/Bsp.o
                0x08000760                Bsp_ReadButton
 .text.Bsp_IsButtonFlag
                0x08000784       0x18 ./Core/Src/Bsp.o
                0x08000784                Bsp_IsButtonFlag
 .text.Bsp_ClearButtonFlag
                0x0800079c       0x18 ./Core/Src/Bsp.o
                0x0800079c                Bsp_ClearButtonFlag
 .text.Bsp_IsDebounceFlag
                0x080007b4       0x18 ./Core/Src/Bsp.o
                0x080007b4                Bsp_IsDebounceFlag
 .text.Bsp_ClearDebounceFlag
                0x080007cc       0x18 ./Core/Src/Bsp.o
                0x080007cc                Bsp_ClearDebounceFlag
 .text.Bsp_StartSampleTimer
                0x080007e4       0x14 ./Core/Src/Bsp.o
                0x080007e4                Bsp_StartSampleTimer
 .text.Bsp_StartDebounceTimer
                0x080007f8       0x1c ./Core/Src/Bsp.o
                0x080007f8                Bsp_StartDebounceTimer
 .text.Bsp_IsSampleFlag
                0x08000814       0x18 ./Core/Src/Bsp.o
                0x08000814                Bsp_IsSampleFlag
 .text.Bsp_ClearSampleFlag
                0x0800082c       0x18 ./Core/Src/Bsp.o
                0x0800082c                Bsp_ClearSampleFlag
 .text.HAL_TIM_PeriodElapsedCallback
                0x08000844       0xe4 ./Core/Src/Bsp.o
                0x08000844                HAL_TIM_PeriodElapsedCallback
 .text.HAL_UART_RxCpltCallback
                0x08000928       0x3c ./Core/Src/Bsp.o
                0x08000928                HAL_UART_RxCpltCallback
 .text.Button_Init
                0x08000964       0x20 ./Core/Src/Button.o
                0x08000964                Button_Init
 .text.Button_Update
                0x08000984       0x70 ./Core/Src/Button.o
                0x08000984                Button_Update
 .text.Button_IsFrozen
                0x080009f4       0x18 ./Core/Src/Button.o
                0x080009f4                Button_IsFrozen
 .text.LedPwm_Init
                0x08000a0c       0x1c ./Core/Src/LedPwm.o
                0x08000a0c                LedPwm_Init
 .text.LedPwm_SetLed
                0x08000a28       0x20 ./Core/Src/LedPwm.o
                0x08000a28                LedPwm_SetLed
 .text.LedPwm_Update
                0x08000a48       0x38 ./Core/Src/LedPwm.o
                0x08000a48                LedPwm_Update
 .text.LedPwm_GetSelected
                0x08000a80       0x18 ./Core/Src/LedPwm.o
                0x08000a80                LedPwm_GetSelected
 .text.LedPwm_GetDuty
                0x08000a98       0x2c ./Core/Src/LedPwm.o
                0x08000a98                LedPwm_GetDuty
 .text.Sampler_Init
                0x08000ac4       0x4c ./Core/Src/Sampler.o
                0x08000ac4                Sampler_Init
 .text.Sampler_Update
                0x08000b10       0x44 ./Core/Src/Sampler.o
                0x08000b10                Sampler_Update
 .text.Sampler_GetPercentage
                0x08000b54       0x18 ./Core/Src/Sampler.o
                0x08000b54                Sampler_GetPercentage
 .text.Sampler_CalculateAverage
                0x08000b6c       0x80 ./Core/Src/Sampler.o
 .text.SerialCmd_Init
                0x08000bec       0x3c ./Core/Src/SerialCmd.o
                0x08000bec                SerialCmd_Init
 .text.SerialCmd_Update
                0x08000c28       0xa4 ./Core/Src/SerialCmd.o
                0x08000c28                SerialCmd_Update
 .text.MX_ADC1_Init
                0x08000ccc       0xa4 ./Core/Src/adc.o
                0x08000ccc                MX_ADC1_Init
 .text.HAL_ADC_MspInit
                0x08000d70       0x80 ./Core/Src/adc.o
                0x08000d70                HAL_ADC_MspInit
 .text.MX_ETH_Init
                0x08000df0       0x9c ./Core/Src/eth.o
                0x08000df0                MX_ETH_Init
 .text.HAL_ETH_MspInit
                0x08000e8c      0x170 ./Core/Src/eth.o
                0x08000e8c                HAL_ETH_MspInit
 .text.MX_GPIO_Init
                0x08000ffc      0x144 ./Core/Src/gpio.o
                0x08000ffc                MX_GPIO_Init
 .text.main     0x08001140      0x134 ./Core/Src/main.o
                0x08001140                main
 .text.SystemClock_Config
                0x08001274       0xe0 ./Core/Src/main.o
                0x08001274                SystemClock_Config
 .text.MPU_Config
                0x08001354       0x58 ./Core/Src/main.o
 .text.Error_Handler
                0x080013ac        0xc ./Core/Src/main.o
                0x080013ac                Error_Handler
 .text.HAL_MspInit
                0x080013b8       0x48 ./Core/Src/stm32f7xx_hal_msp.o
                0x080013b8                HAL_MspInit
 .text.NMI_Handler
                0x08001400        0x8 ./Core/Src/stm32f7xx_it.o
                0x08001400                NMI_Handler
 .text.HardFault_Handler
                0x08001408        0x8 ./Core/Src/stm32f7xx_it.o
                0x08001408                HardFault_Handler
 .text.MemManage_Handler
                0x08001410        0x8 ./Core/Src/stm32f7xx_it.o
                0x08001410                MemManage_Handler
 .text.BusFault_Handler
                0x08001418        0x8 ./Core/Src/stm32f7xx_it.o
                0x08001418                BusFault_Handler
 .text.UsageFault_Handler
                0x08001420        0x8 ./Core/Src/stm32f7xx_it.o
                0x08001420                UsageFault_Handler
 .text.SVC_Handler
                0x08001428        0xe ./Core/Src/stm32f7xx_it.o
                0x08001428                SVC_Handler
 .text.DebugMon_Handler
                0x08001436        0xe ./Core/Src/stm32f7xx_it.o
                0x08001436                DebugMon_Handler
 .text.PendSV_Handler
                0x08001444        0xe ./Core/Src/stm32f7xx_it.o
                0x08001444                PendSV_Handler
 .text.SysTick_Handler
                0x08001452        0xc ./Core/Src/stm32f7xx_it.o
                0x08001452                SysTick_Handler
 *fill*         0x0800145e        0x2 
 .text.USART3_IRQHandler
                0x08001460       0x14 ./Core/Src/stm32f7xx_it.o
                0x08001460                USART3_IRQHandler
 .text.TIM6_DAC_IRQHandler
                0x08001474       0x14 ./Core/Src/stm32f7xx_it.o
                0x08001474                TIM6_DAC_IRQHandler
 .text._sbrk    0x08001488       0x6c ./Core/Src/sysmem.o
                0x08001488                _sbrk
 .text.SystemInit
                0x080014f4       0x24 ./Core/Src/system_stm32f7xx.o
                0x080014f4                SystemInit
 .text.MX_TIM6_Init
                0x08001518       0x6c ./Core/Src/tim.o
                0x08001518                MX_TIM6_Init
 .text.MX_TIM7_Init
                0x08001584       0x6c ./Core/Src/tim.o
                0x08001584                MX_TIM7_Init
 .text.HAL_TIM_Base_MspInit
                0x080015f0       0x9c ./Core/Src/tim.o
                0x080015f0                HAL_TIM_Base_MspInit
 .text.MX_USART3_UART_Init
                0x0800168c       0x60 ./Core/Src/usart.o
                0x0800168c                MX_USART3_UART_Init
 .text.HAL_UART_MspInit
                0x080016ec       0xd0 ./Core/Src/usart.o
                0x080016ec                HAL_UART_MspInit
 .text.MX_USB_OTG_FS_PCD_Init
                0x080017bc       0x5c ./Core/Src/usb_otg.o
                0x080017bc                MX_USB_OTG_FS_PCD_Init
 .text.HAL_PCD_MspInit
                0x08001818       0xf4 ./Core/Src/usb_otg.o
                0x08001818                HAL_PCD_MspInit
 .text.Reset_Handler
                0x0800190c       0x50 ./Core/Startup/startup_stm32f767zitx.o
                0x0800190c                Reset_Handler
 .text.Default_Handler
                0x0800195c        0x2 ./Core/Startup/startup_stm32f767zitx.o
                0x0800195c                RTC_Alarm_IRQHandler
                0x0800195c                EXTI2_IRQHandler
                0x0800195c                TIM8_CC_IRQHandler
                0x0800195c                UART8_IRQHandler
                0x0800195c                SPI4_IRQHandler
                0x0800195c                TIM1_CC_IRQHandler
                0x0800195c                DMA2_Stream5_IRQHandler
                0x0800195c                JPEG_IRQHandler
                0x0800195c                DMA1_Stream5_IRQHandler
                0x0800195c                CAN3_RX1_IRQHandler
                0x0800195c                PVD_IRQHandler
                0x0800195c                TAMP_STAMP_IRQHandler
                0x0800195c                CAN2_RX1_IRQHandler
                0x0800195c                EXTI3_IRQHandler
                0x0800195c                TIM8_TRG_COM_TIM14_IRQHandler
                0x0800195c                DFSDM1_FLT1_IRQHandler
                0x0800195c                TIM1_UP_TIM10_IRQHandler
                0x0800195c                TIM8_UP_TIM13_IRQHandler
                0x0800195c                I2C3_ER_IRQHandler
                0x0800195c                DFSDM1_FLT2_IRQHandler
                0x0800195c                EXTI0_IRQHandler
                0x0800195c                I2C2_EV_IRQHandler
                0x0800195c                DMA1_Stream2_IRQHandler
                0x0800195c                CAN1_RX0_IRQHandler
                0x0800195c                FPU_IRQHandler
                0x0800195c                OTG_HS_WKUP_IRQHandler
                0x0800195c                CAN3_SCE_IRQHandler
                0x0800195c                LTDC_ER_IRQHandler
                0x0800195c                CAN2_SCE_IRQHandler
                0x0800195c                DMA2_Stream2_IRQHandler
                0x0800195c                SPI1_IRQHandler
                0x0800195c                TIM1_BRK_TIM9_IRQHandler
                0x0800195c                DCMI_IRQHandler
                0x0800195c                CAN2_RX0_IRQHandler
                0x0800195c                DMA2_Stream3_IRQHandler
                0x0800195c                SAI2_IRQHandler
                0x0800195c                DFSDM1_FLT3_IRQHandler
                0x0800195c                USART6_IRQHandler
                0x0800195c                CAN3_RX0_IRQHandler
                0x0800195c                CAN1_RX1_IRQHandler
                0x0800195c                UART5_IRQHandler
                0x0800195c                DMA2_Stream0_IRQHandler
                0x0800195c                TIM4_IRQHandler
                0x0800195c                QUADSPI_IRQHandler
                0x0800195c                I2C1_EV_IRQHandler
                0x0800195c                DMA1_Stream6_IRQHandler
                0x0800195c                DMA1_Stream1_IRQHandler
                0x0800195c                UART4_IRQHandler
                0x0800195c                TIM3_IRQHandler
                0x0800195c                RCC_IRQHandler
                0x0800195c                TIM8_BRK_TIM12_IRQHandler
                0x0800195c                Default_Handler
                0x0800195c                CEC_IRQHandler
                0x0800195c                EXTI15_10_IRQHandler
                0x0800195c                ADC_IRQHandler
                0x0800195c                DMA1_Stream7_IRQHandler
                0x0800195c                SPI5_IRQHandler
                0x0800195c                TIM7_IRQHandler
                0x0800195c                SDMMC1_IRQHandler
                0x0800195c                CAN2_TX_IRQHandler
                0x0800195c                TIM5_IRQHandler
                0x0800195c                DMA2_Stream7_IRQHandler
                0x0800195c                I2C3_EV_IRQHandler
                0x0800195c                EXTI9_5_IRQHandler
                0x0800195c                RTC_WKUP_IRQHandler
                0x0800195c                LTDC_IRQHandler
                0x0800195c                ETH_WKUP_IRQHandler
                0x0800195c                SPDIF_RX_IRQHandler
                0x0800195c                SPI2_IRQHandler
                0x0800195c                OTG_HS_EP1_IN_IRQHandler
                0x0800195c                DMA1_Stream0_IRQHandler
                0x0800195c                CAN1_TX_IRQHandler
                0x0800195c                EXTI4_IRQHandler
                0x0800195c                RNG_IRQHandler
                0x0800195c                ETH_IRQHandler
                0x0800195c                OTG_HS_EP1_OUT_IRQHandler
                0x0800195c                WWDG_IRQHandler
                0x0800195c                SPI6_IRQHandler
                0x0800195c                MDIOS_IRQHandler
                0x0800195c                I2C4_EV_IRQHandler
                0x0800195c                CAN3_TX_IRQHandler
                0x0800195c                TIM2_IRQHandler
                0x0800195c                OTG_FS_WKUP_IRQHandler
                0x0800195c                TIM1_TRG_COM_TIM11_IRQHandler
                0x0800195c                OTG_HS_IRQHandler
                0x0800195c                DMA2D_IRQHandler
                0x0800195c                EXTI1_IRQHandler
                0x0800195c                SDMMC2_IRQHandler
                0x0800195c                UART7_IRQHandler
                0x0800195c                USART2_IRQHandler
                0x0800195c                DFSDM1_FLT0_IRQHandler
                0x0800195c                I2C2_ER_IRQHandler
                0x0800195c                DMA2_Stream1_IRQHandler
                0x0800195c                CAN1_SCE_IRQHandler
                0x0800195c                FLASH_IRQHandler
                0x0800195c                DMA2_Stream4_IRQHandler
                0x0800195c                USART1_IRQHandler
                0x0800195c                OTG_FS_IRQHandler
                0x0800195c                SPI3_IRQHandler
                0x0800195c                DMA1_Stream4_IRQHandler
                0x0800195c                I2C1_ER_IRQHandler
                0x0800195c                FMC_IRQHandler
                0x0800195c                LPTIM1_IRQHandler
                0x0800195c                I2C4_ER_IRQHandler
                0x0800195c                DMA2_Stream6_IRQHandler
                0x0800195c                SAI1_IRQHandler
                0x0800195c                DMA1_Stream3_IRQHandler
 .text.HAL_Init
                0x0800195e       0x1a ./Drivers/STM32F7xx_HAL_Driver/Src/stm32f7xx_hal.o
                0x0800195e                HAL_Init
 .text.HAL_InitTick
                0x08001978       0x60 ./Drivers/STM32F7xx_HAL_Driver/Src/stm32f7xx_hal.o
                0x08001978                HAL_InitTick
 .text.HAL_IncTick
                0x080019d8       0x28 ./Drivers/STM32F7xx_HAL_Driver/Src/stm32f7xx_hal.o
                0x080019d8                HAL_IncTick
 .text.HAL_GetTick
                0x08001a00       0x18 ./Drivers/STM32F7xx_HAL_Driver/Src/stm32f7xx_hal.o
                0x08001a00                HAL_GetTick
 .text.HAL_Delay
                0x08001a18       0x48 ./Drivers/STM32F7xx_HAL_Driver/Src/stm32f7xx_hal.o
                0x08001a18                HAL_Delay
 .text.HAL_ADC_Init
                0x08001a60       0x88 ./Drivers/STM32F7xx_HAL_Driver/Src/stm32f7xx_hal_adc.o
                0x08001a60                HAL_ADC_Init
 .text.HAL_ADC_Start
                0x08001ae8      0x19c ./Drivers/STM32F7xx_HAL_Driver/Src/stm32f7xx_hal_adc.o
                0x08001ae8                HAL_ADC_Start
 .text.HAL_ADC_PollForConversion
                0x08001c84      0x116 ./Drivers/STM32F7xx_HAL_Driver/Src/stm32f7xx_hal_adc.o
                0x08001c84                HAL_ADC_PollForConversion
 .text.HAL_ADC_GetValue
                0x08001d9a       0x1a ./Drivers/STM32F7xx_HAL_Driver/Src/stm32f7xx_hal_adc.o
                0x08001d9a                HAL_ADC_GetValue
 .text.HAL_ADC_ConfigChannel
                0x08001db4      0x2b4 ./Drivers/STM32F7xx_HAL_Driver/Src/stm32f7xx_hal_adc.o
                0x08001db4                HAL_ADC_ConfigChannel
 .text.ADC_Init
                0x08002068      0x1f4 ./Drivers/STM32F7xx_HAL_Driver/Src/stm32f7xx_hal_adc.o
 .text.__NVIC_SetPriorityGrouping
                0x0800225c       0x48 ./Drivers/STM32F7xx_HAL_Driver/Src/stm32f7xx_hal_cortex.o
 .text.__NVIC_GetPriorityGrouping
                0x080022a4       0x1c ./Drivers/STM32F7xx_HAL_Driver/Src/stm32f7xx_hal_cortex.o
 .text.__NVIC_EnableIRQ
                0x080022c0       0x3c ./Drivers/STM32F7xx_HAL_Driver/Src/stm32f7xx_hal_cortex.o
 .text.__NVIC_SetPriority
                0x080022fc       0x54 ./Drivers/STM32F7xx_HAL_Driver/Src/stm32f7xx_hal_cortex.o
 .text.NVIC_EncodePriority
                0x08002350       0x66 ./Drivers/STM32F7xx_HAL_Driver/Src/stm32f7xx_hal_cortex.o
 *fill*         0x080023b6        0x2 
 .text.SysTick_Config
                0x080023b8       0x44 ./Drivers/STM32F7xx_HAL_Driver/Src/stm32f7xx_hal_cortex.o
 .text.HAL_NVIC_SetPriorityGrouping
                0x080023fc       0x16 ./Drivers/STM32F7xx_HAL_Driver/Src/stm32f7xx_hal_cortex.o
                0x080023fc                HAL_NVIC_SetPriorityGrouping
 .text.HAL_NVIC_SetPriority
                0x08002412       0x38 ./Drivers/STM32F7xx_HAL_Driver/Src/stm32f7xx_hal_cortex.o
                0x08002412                HAL_NVIC_SetPriority
 .text.HAL_NVIC_EnableIRQ
                0x0800244a       0x1c ./Drivers/STM32F7xx_HAL_Driver/Src/stm32f7xx_hal_cortex.o
                0x0800244a                HAL_NVIC_EnableIRQ
 .text.HAL_SYSTICK_Config
                0x08002466       0x18 ./Drivers/STM32F7xx_HAL_Driver/Src/stm32f7xx_hal_cortex.o
                0x08002466                HAL_SYSTICK_Config
 *fill*         0x0800247e        0x2 
 .text.HAL_MPU_Disable
                0x08002480       0x30 ./Drivers/STM32F7xx_HAL_Driver/Src/stm32f7xx_hal_cortex.o
                0x08002480                HAL_MPU_Disable
 .text.HAL_MPU_Enable
                0x080024b0       0x40 ./Drivers/STM32F7xx_HAL_Driver/Src/stm32f7xx_hal_cortex.o
                0x080024b0                HAL_MPU_Enable
 .text.HAL_MPU_ConfigRegion
                0x080024f0       0x80 ./Drivers/STM32F7xx_HAL_Driver/Src/stm32f7xx_hal_cortex.o
                0x080024f0                HAL_MPU_ConfigRegion
 .text.HAL_DMA_Abort
                0x08002570       0xe0 ./Drivers/STM32F7xx_HAL_Driver/Src/stm32f7xx_hal_dma.o
                0x08002570                HAL_DMA_Abort
 .text.HAL_DMA_Abort_IT
                0x08002650       0x44 ./Drivers/STM32F7xx_HAL_Driver/Src/stm32f7xx_hal_dma.o
                0x08002650                HAL_DMA_Abort_IT
 .text.HAL_ETH_Init
                0x08002694      0x134 ./Drivers/STM32F7xx_HAL_Driver/Src/stm32f7xx_hal_eth.o
                0x08002694                HAL_ETH_Init
 .text.ETH_SetMACConfig
                0x080027c8      0x168 ./Drivers/STM32F7xx_HAL_Driver/Src/stm32f7xx_hal_eth.o
 .text.ETH_SetDMAConfig
                0x08002930      0x114 ./Drivers/STM32F7xx_HAL_Driver/Src/stm32f7xx_hal_eth.o
 .text.ETH_MACDMAConfig
                0x08002a44       0xea ./Drivers/STM32F7xx_HAL_Driver/Src/stm32f7xx_hal_eth.o
 *fill*         0x08002b2e        0x2 
 .text.ETH_MACAddressConfig
                0x08002b30       0x70 ./Drivers/STM32F7xx_HAL_Driver/Src/stm32f7xx_hal_eth.o
 .text.ETH_DMATxDescListInit
                0x08002ba0       0xb2 ./Drivers/STM32F7xx_HAL_Driver/Src/stm32f7xx_hal_eth.o
 .text.ETH_DMARxDescListInit
                0x08002c52       0xde ./Drivers/STM32F7xx_HAL_Driver/Src/stm32f7xx_hal_eth.o
 .text.HAL_GPIO_Init
                0x08002d30      0x358 ./Drivers/STM32F7xx_HAL_Driver/Src/stm32f7xx_hal_gpio.o
                0x08002d30                HAL_GPIO_Init
 .text.HAL_GPIO_ReadPin
                0x08003088       0x30 ./Drivers/STM32F7xx_HAL_Driver/Src/stm32f7xx_hal_gpio.o
                0x08003088                HAL_GPIO_ReadPin
 .text.HAL_GPIO_WritePin
                0x080030b8       0x32 ./Drivers/STM32F7xx_HAL_Driver/Src/stm32f7xx_hal_gpio.o
                0x080030b8                HAL_GPIO_WritePin
 .text.HAL_PCD_Init
                0x080030ea      0x22c ./Drivers/STM32F7xx_HAL_Driver/Src/stm32f7xx_hal_pcd.o
                0x080030ea                HAL_PCD_Init
 *fill*         0x08003316        0x2 
 .text.HAL_PCDEx_ActivateLPM
                0x08003318       0x48 ./Drivers/STM32F7xx_HAL_Driver/Src/stm32f7xx_hal_pcd_ex.o
                0x08003318                HAL_PCDEx_ActivateLPM
 .text.HAL_PWR_EnableBkUpAccess
                0x08003360       0x20 ./Drivers/STM32F7xx_HAL_Driver/Src/stm32f7xx_hal_pwr.o
                0x08003360                HAL_PWR_EnableBkUpAccess
 .text.HAL_PWREx_EnableOverDrive
                0x08003380       0xa0 ./Drivers/STM32F7xx_HAL_Driver/Src/stm32f7xx_hal_pwr_ex.o
                0x08003380                HAL_PWREx_EnableOverDrive
 .text.HAL_RCC_OscConfig
                0x08003420      0x55c ./Drivers/STM32F7xx_HAL_Driver/Src/stm32f7xx_hal_rcc.o
                0x08003420                HAL_RCC_OscConfig
 .text.HAL_RCC_ClockConfig
                0x0800397c      0x1d8 ./Drivers/STM32F7xx_HAL_Driver/Src/stm32f7xx_hal_rcc.o
                0x0800397c                HAL_RCC_ClockConfig
 .text.HAL_RCC_GetSysClockFreq
                0x08003b54      0x20c ./Drivers/STM32F7xx_HAL_Driver/Src/stm32f7xx_hal_rcc.o
                0x08003b54                HAL_RCC_GetSysClockFreq
 .text.HAL_RCC_GetHCLKFreq
                0x08003d60       0x18 ./Drivers/STM32F7xx_HAL_Driver/Src/stm32f7xx_hal_rcc.o
                0x08003d60                HAL_RCC_GetHCLKFreq
 .text.HAL_RCC_GetPCLK1Freq
                0x08003d78       0x28 ./Drivers/STM32F7xx_HAL_Driver/Src/stm32f7xx_hal_rcc.o
                0x08003d78                HAL_RCC_GetPCLK1Freq
 .text.HAL_RCC_GetPCLK2Freq
                0x08003da0       0x28 ./Drivers/STM32F7xx_HAL_Driver/Src/stm32f7xx_hal_rcc.o
                0x08003da0                HAL_RCC_GetPCLK2Freq
 .text.HAL_RCCEx_PeriphCLKConfig
                0x08003dc8      0x850 ./Drivers/STM32F7xx_HAL_Driver/Src/stm32f7xx_hal_rcc_ex.o
                0x08003dc8                HAL_RCCEx_PeriphCLKConfig
 .text.HAL_TIM_Base_Init
                0x08004618       0xae ./Drivers/STM32F7xx_HAL_Driver/Src/stm32f7xx_hal_tim.o
                0x08004618                HAL_TIM_Base_Init
 *fill*         0x080046c6        0x2 
 .text.HAL_TIM_Base_Start_IT
                0x080046c8       0xf0 ./Drivers/STM32F7xx_HAL_Driver/Src/stm32f7xx_hal_tim.o
                0x080046c8                HAL_TIM_Base_Start_IT
 .text.HAL_TIM_Base_Stop_IT
                0x080047b8       0x60 ./Drivers/STM32F7xx_HAL_Driver/Src/stm32f7xx_hal_tim.o
                0x080047b8                HAL_TIM_Base_Stop_IT
 .text.HAL_TIM_IRQHandler
                0x08004818      0x20e ./Drivers/STM32F7xx_HAL_Driver/Src/stm32f7xx_hal_tim.o
                0x08004818                HAL_TIM_IRQHandler
 .text.HAL_TIM_OC_DelayElapsedCallback
                0x08004a26       0x14 ./Drivers/STM32F7xx_HAL_Driver/Src/stm32f7xx_hal_tim.o
                0x08004a26                HAL_TIM_OC_DelayElapsedCallback
 .text.HAL_TIM_IC_CaptureCallback
                0x08004a3a       0x14 ./Drivers/STM32F7xx_HAL_Driver/Src/stm32f7xx_hal_tim.o
                0x08004a3a                HAL_TIM_IC_CaptureCallback
 .text.HAL_TIM_PWM_PulseFinishedCallback
                0x08004a4e       0x14 ./Drivers/STM32F7xx_HAL_Driver/Src/stm32f7xx_hal_tim.o
                0x08004a4e                HAL_TIM_PWM_PulseFinishedCallback
 .text.HAL_TIM_TriggerCallback
                0x08004a62       0x14 ./Drivers/STM32F7xx_HAL_Driver/Src/stm32f7xx_hal_tim.o
                0x08004a62                HAL_TIM_TriggerCallback
 *fill*         0x08004a76        0x2 
 .text.TIM_Base_SetConfig
                0x08004a78      0x14c ./Drivers/STM32F7xx_HAL_Driver/Src/stm32f7xx_hal_tim.o
                0x08004a78                TIM_Base_SetConfig
 .text.HAL_TIMEx_MasterConfigSynchronization
                0x08004bc4      0x11c ./Drivers/STM32F7xx_HAL_Driver/Src/stm32f7xx_hal_tim_ex.o
                0x08004bc4                HAL_TIMEx_MasterConfigSynchronization
 .text.HAL_TIMEx_CommutCallback
                0x08004ce0       0x14 ./Drivers/STM32F7xx_HAL_Driver/Src/stm32f7xx_hal_tim_ex.o
                0x08004ce0                HAL_TIMEx_CommutCallback
 .text.HAL_TIMEx_BreakCallback
                0x08004cf4       0x14 ./Drivers/STM32F7xx_HAL_Driver/Src/stm32f7xx_hal_tim_ex.o
                0x08004cf4                HAL_TIMEx_BreakCallback
 .text.HAL_TIMEx_Break2Callback
                0x08004d08       0x14 ./Drivers/STM32F7xx_HAL_Driver/Src/stm32f7xx_hal_tim_ex.o
                0x08004d08                HAL_TIMEx_Break2Callback
 .text.HAL_UART_Init
                0x08004d1c       0x9c ./Drivers/STM32F7xx_HAL_Driver/Src/stm32f7xx_hal_uart.o
                0x08004d1c                HAL_UART_Init
 .text.HAL_UART_Transmit
                0x08004db8      0x112 ./Drivers/STM32F7xx_HAL_Driver/Src/stm32f7xx_hal_uart.o
                0x08004db8                HAL_UART_Transmit
 .text.HAL_UART_Receive_IT
                0x08004eca       0x88 ./Drivers/STM32F7xx_HAL_Driver/Src/stm32f7xx_hal_uart.o
                0x08004eca                HAL_UART_Receive_IT
 *fill*         0x08004f52        0x2 
 .text.HAL_UART_IRQHandler
                0x08004f54      0x604 ./Drivers/STM32F7xx_HAL_Driver/Src/stm32f7xx_hal_uart.o
                0x08004f54                HAL_UART_IRQHandler
 .text.HAL_UART_TxCpltCallback
                0x08005558       0x14 ./Drivers/STM32F7xx_HAL_Driver/Src/stm32f7xx_hal_uart.o
                0x08005558                HAL_UART_TxCpltCallback
 .text.HAL_UART_ErrorCallback
                0x0800556c       0x14 ./Drivers/STM32F7xx_HAL_Driver/Src/stm32f7xx_hal_uart.o
                0x0800556c                HAL_UART_ErrorCallback
 .text.HAL_UARTEx_RxEventCallback
                0x08005580       0x18 ./Drivers/STM32F7xx_HAL_Driver/Src/stm32f7xx_hal_uart.o
                0x08005580                HAL_UARTEx_RxEventCallback
 .text.HAL_UARTEx_WakeupCallback
                0x08005598       0x14 ./Drivers/STM32F7xx_HAL_Driver/Src/stm32f7xx_hal_uart.o
                0x08005598                HAL_UARTEx_WakeupCallback
 .text.UART_SetConfig
                0x080055ac      0x4c8 ./Drivers/STM32F7xx_HAL_Driver/Src/stm32f7xx_hal_uart.o
                0x080055ac                UART_SetConfig
 .text.UART_AdvFeatureConfig
                0x08005a74      0x144 ./Drivers/STM32F7xx_HAL_Driver/Src/stm32f7xx_hal_uart.o
                0x08005a74                UART_AdvFeatureConfig
 .text.UART_CheckIdleState
                0x08005bb8      0x150 ./Drivers/STM32F7xx_HAL_Driver/Src/stm32f7xx_hal_uart.o
                0x08005bb8                UART_CheckIdleState
 .text.UART_WaitOnFlagUntilTimeout
                0x08005d08       0xda ./Drivers/STM32F7xx_HAL_Driver/Src/stm32f7xx_hal_uart.o
                0x08005d08                UART_WaitOnFlagUntilTimeout
 *fill*         0x08005de2        0x2 
 .text.UART_Start_Receive_IT
                0x08005de4      0x18c ./Drivers/STM32F7xx_HAL_Driver/Src/stm32f7xx_hal_uart.o
                0x08005de4                UART_Start_Receive_IT
 .text.UART_EndRxTransfer
                0x08005f70       0xc8 ./Drivers/STM32F7xx_HAL_Driver/Src/stm32f7xx_hal_uart.o
 .text.UART_DMAAbortOnError
                0x08006038       0x24 ./Drivers/STM32F7xx_HAL_Driver/Src/stm32f7xx_hal_uart.o
 .text.UART_EndTransmit_IT
                0x0800605c       0x54 ./Drivers/STM32F7xx_HAL_Driver/Src/stm32f7xx_hal_uart.o
 .text.UART_RxISR_8BIT
                0x080060b0      0x1a8 ./Drivers/STM32F7xx_HAL_Driver/Src/stm32f7xx_hal_uart.o
 .text.UART_RxISR_16BIT
                0x08006258      0x1a8 ./Drivers/STM32F7xx_HAL_Driver/Src/stm32f7xx_hal_uart.o
 .text.USB_CoreInit
                0x08006400       0xb4 ./Drivers/STM32F7xx_HAL_Driver/Src/stm32f7xx_ll_usb.o
                0x08006400                USB_CoreInit
 .text.USB_DisableGlobalInt
                0x080064b4       0x22 ./Drivers/STM32F7xx_HAL_Driver/Src/stm32f7xx_ll_usb.o
                0x080064b4                USB_DisableGlobalInt
 .text.USB_SetCurrentMode
                0x080064d6       0x98 ./Drivers/STM32F7xx_HAL_Driver/Src/stm32f7xx_ll_usb.o
                0x080064d6                USB_SetCurrentMode
 *fill*         0x0800656e        0x2 
 .text.USB_DevInit
                0x08006570      0x2bc ./Drivers/STM32F7xx_HAL_Driver/Src/stm32f7xx_ll_usb.o
                0x08006570                USB_DevInit
 .text.USB_FlushTxFifo
                0x0800682c       0x64 ./Drivers/STM32F7xx_HAL_Driver/Src/stm32f7xx_ll_usb.o
                0x0800682c                USB_FlushTxFifo
 .text.USB_FlushRxFifo
                0x08006890       0x5c ./Drivers/STM32F7xx_HAL_Driver/Src/stm32f7xx_ll_usb.o
                0x08006890                USB_FlushRxFifo
 .text.USB_SetDevSpeed
                0x080068ec       0x32 ./Drivers/STM32F7xx_HAL_Driver/Src/stm32f7xx_ll_usb.o
                0x080068ec                USB_SetDevSpeed
 .text.USB_DevDisconnect
                0x0800691e       0x42 ./Drivers/STM32F7xx_HAL_Driver/Src/stm32f7xx_ll_usb.o
                0x0800691e                USB_DevDisconnect
 .text.USB_GetMode
                0x08006960       0x1c ./Drivers/STM32F7xx_HAL_Driver/Src/stm32f7xx_ll_usb.o
                0x08006960                USB_GetMode
 .text.USB_CoreReset
                0x0800697c       0x70 ./Drivers/STM32F7xx_HAL_Driver/Src/stm32f7xx_ll_usb.o
 .text.snprintf
                0x080069ec       0x6c C:/ST/STM32CubeIDE_2.1.1/STM32CubeIDE/plugins/com.st.stm32cube.ide.mcu.externaltools.gnu-tools-for-stm32.14.3.rel1.win32_1.0.100.202602081740/tools/bin/../lib/gcc/arm-none-eabi/14.3.1/../../../../arm-none-eabi/lib/thumb/v7e-m+dp/hard\libc_nano.a(libc_a-snprintf.o)
                0x080069ec                sniprintf
                0x080069ec                snprintf
 .text.memset   0x08006a58       0x10 C:/ST/STM32CubeIDE_2.1.1/STM32CubeIDE/plugins/com.st.stm32cube.ide.mcu.externaltools.gnu-tools-for-stm32.14.3.rel1.win32_1.0.100.202602081740/tools/bin/../lib/gcc/arm-none-eabi/14.3.1/../../../../arm-none-eabi/lib/thumb/v7e-m+dp/hard\libc_nano.a(libc_a-memset.o)
                0x08006a58                memset
 .text.__errno  0x08006a68        0xc C:/ST/STM32CubeIDE_2.1.1/STM32CubeIDE/plugins/com.st.stm32cube.ide.mcu.externaltools.gnu-tools-for-stm32.14.3.rel1.win32_1.0.100.202602081740/tools/bin/../lib/gcc/arm-none-eabi/14.3.1/../../../../arm-none-eabi/lib/thumb/v7e-m+dp/hard\libc_nano.a(libc_a-errno.o)
                0x08006a68                __errno
 .text.__libc_init_array
                0x08006a74       0x48 C:/ST/STM32CubeIDE_2.1.1/STM32CubeIDE/plugins/com.st.stm32cube.ide.mcu.externaltools.gnu-tools-for-stm32.14.3.rel1.win32_1.0.100.202602081740/tools/bin/../lib/gcc/arm-none-eabi/14.3.1/../../../../arm-none-eabi/lib/thumb/v7e-m+dp/hard\libc_nano.a(libc_a-init.o)
                0x08006a74                __libc_init_array
 .text.__retarget_lock_acquire_recursive
                0x08006abc        0x2 C:/ST/STM32CubeIDE_2.1.1/STM32CubeIDE/plugins/com.st.stm32cube.ide.mcu.externaltools.gnu-tools-for-stm32.14.3.rel1.win32_1.0.100.202602081740/tools/bin/../lib/gcc/arm-none-eabi/14.3.1/../../../../arm-none-eabi/lib/thumb/v7e-m+dp/hard\libc_nano.a(libc_a-lock.o)
                0x08006abc                __retarget_lock_acquire_recursive
 .text.__retarget_lock_release_recursive
                0x08006abe        0x2 C:/ST/STM32CubeIDE_2.1.1/STM32CubeIDE/plugins/com.st.stm32cube.ide.mcu.externaltools.gnu-tools-for-stm32.14.3.rel1.win32_1.0.100.202602081740/tools/bin/../lib/gcc/arm-none-eabi/14.3.1/../../../../arm-none-eabi/lib/thumb/v7e-m+dp/hard\libc_nano.a(libc_a-lock.o)
                0x08006abe                __retarget_lock_release_recursive
 .text._free_r  0x08006ac0       0x94 C:/ST/STM32CubeIDE_2.1.1/STM32CubeIDE/plugins/com.st.stm32cube.ide.mcu.externaltools.gnu-tools-for-stm32.14.3.rel1.win32_1.0.100.202602081740/tools/bin/../lib/gcc/arm-none-eabi/14.3.1/../../../../arm-none-eabi/lib/thumb/v7e-m+dp/hard\libc_nano.a(libc_a-freer.o)
                0x08006ac0                _free_r
 .text.sbrk_aligned
                0x08006b54       0x44 C:/ST/STM32CubeIDE_2.1.1/STM32CubeIDE/plugins/com.st.stm32cube.ide.mcu.externaltools.gnu-tools-for-stm32.14.3.rel1.win32_1.0.100.202602081740/tools/bin/../lib/gcc/arm-none-eabi/14.3.1/../../../../arm-none-eabi/lib/thumb/v7e-m+dp/hard\libc_nano.a(libc_a-mallocr.o)
 .text._malloc_r
                0x08006b98      0x100 C:/ST/STM32CubeIDE_2.1.1/STM32CubeIDE/plugins/com.st.stm32cube.ide.mcu.externaltools.gnu-tools-for-stm32.14.3.rel1.win32_1.0.100.202602081740/tools/bin/../lib/gcc/arm-none-eabi/14.3.1/../../../../arm-none-eabi/lib/thumb/v7e-m+dp/hard\libc_nano.a(libc_a-mallocr.o)
                0x08006b98                _malloc_r
 .text.__malloc_lock
                0x08006c98        0xc C:/ST/STM32CubeIDE_2.1.1/STM32CubeIDE/plugins/com.st.stm32cube.ide.mcu.externaltools.gnu-tools-for-stm32.14.3.rel1.win32_1.0.100.202602081740/tools/bin/../lib/gcc/arm-none-eabi/14.3.1/../../../../arm-none-eabi/lib/thumb/v7e-m+dp/hard\libc_nano.a(libc_a-mlock.o)
                0x08006c98                __malloc_lock
 .text.__malloc_unlock
                0x08006ca4        0xc C:/ST/STM32CubeIDE_2.1.1/STM32CubeIDE/plugins/com.st.stm32cube.ide.mcu.externaltools.gnu-tools-for-stm32.14.3.rel1.win32_1.0.100.202602081740/tools/bin/../lib/gcc/arm-none-eabi/14.3.1/../../../../arm-none-eabi/lib/thumb/v7e-m+dp/hard\libc_nano.a(libc_a-mlock.o)
                0x08006ca4                __malloc_unlock
 .text.__ssputs_r
                0x08006cb0       0xc0 C:/ST/STM32CubeIDE_2.1.1/STM32CubeIDE/plugins/com.st.stm32cube.ide.mcu.externaltools.gnu-tools-for-stm32.14.3.rel1.win32_1.0.100.202602081740/tools/bin/../lib/gcc/arm-none-eabi/14.3.1/../../../../arm-none-eabi/lib/thumb/v7e-m+dp/hard\libc_nano.a(libc_a-nano-svfprintf.o)
                0x08006cb0                __ssputs_r
 .text._svfprintf_r
                0x08006d70      0x1f0 C:/ST/STM32CubeIDE_2.1.1/STM32CubeIDE/plugins/com.st.stm32cube.ide.mcu.externaltools.gnu-tools-for-stm32.14.3.rel1.win32_1.0.100.202602081740/tools/bin/../lib/gcc/arm-none-eabi/14.3.1/../../../../arm-none-eabi/lib/thumb/v7e-m+dp/hard\libc_nano.a(libc_a-nano-svfprintf.o)
                0x08006d70                _svfiprintf_r
                0x08006d70                _svfprintf_r
 .text._printf_common
                0x08006f60       0xda C:/ST/STM32CubeIDE_2.1.1/STM32CubeIDE/plugins/com.st.stm32cube.ide.mcu.externaltools.gnu-tools-for-stm32.14.3.rel1.win32_1.0.100.202602081740/tools/bin/../lib/gcc/arm-none-eabi/14.3.1/../../../../arm-none-eabi/lib/thumb/v7e-m+dp/hard\libc_nano.a(libc_a-nano-vfprintf_i.o)
                0x08006f60                _printf_common
 *fill*         0x0800703a        0x2 
 .text._printf_i
                0x0800703c      0x24c C:/ST/STM32CubeIDE_2.1.1/STM32CubeIDE/plugins/com.st.stm32cube.ide.mcu.externaltools.gnu-tools-for-stm32.14.3.rel1.win32_1.0.100.202602081740/tools/bin/../lib/gcc/arm-none-eabi/14.3.1/../../../../arm-none-eabi/lib/thumb/v7e-m+dp/hard\libc_nano.a(libc_a-nano-vfprintf_i.o)
                0x0800703c                _printf_i
 .text.memmove  0x08007288       0x32 C:/ST/STM32CubeIDE_2.1.1/STM32CubeIDE/plugins/com.st.stm32cube.ide.mcu.externaltools.gnu-tools-for-stm32.14.3.rel1.win32_1.0.100.202602081740/tools/bin/../lib/gcc/arm-none-eabi/14.3.1/../../../../arm-none-eabi/lib/thumb/v7e-m+dp/hard\libc_nano.a(libc_a-memmove.o)
                0x08007288                memmove
 *fill*         0x080072ba        0x2 
 .text._sbrk_r  0x080072bc       0x20 C:/ST/STM32CubeIDE_2.1.1/STM32CubeIDE/plugins/com.st.stm32cube.ide.mcu.externaltools.gnu-tools-for-stm32.14.3.rel1.win32_1.0.100.202602081740/tools/bin/../lib/gcc/arm-none-eabi/14.3.1/../../../../arm-none-eabi/lib/thumb/v7e-m+dp/hard\libc_nano.a(libc_a-sbrkr.o)
                0x080072bc                _sbrk_r
 .text.memcpy   0x080072dc       0x1c C:/ST/STM32CubeIDE_2.1.1/STM32CubeIDE/plugins/com.st.stm32cube.ide.mcu.externaltools.gnu-tools-for-stm32.14.3.rel1.win32_1.0.100.202602081740/tools/bin/../lib/gcc/arm-none-eabi/14.3.1/../../../../arm-none-eabi/lib/thumb/v7e-m+dp/hard\libc_nano.a(libc_a-memcpy-stub.o)
                0x080072dc                memcpy
 .text._realloc_r
                0x080072f8       0x5c C:/ST/STM32CubeIDE_2.1.1/STM32CubeIDE/plugins/com.st.stm32cube.ide.mcu.externaltools.gnu-tools-for-stm32.14.3.rel1.win32_1.0.100.202602081740/tools/bin/../lib/gcc/arm-none-eabi/14.3.1/../../../../arm-none-eabi/lib/thumb/v7e-m+dp/hard\libc_nano.a(libc_a-reallocr.o)
                0x080072f8                _realloc_r
 .text._malloc_usable_size_r
                0x08007354       0x10 C:/ST/STM32CubeIDE_2.1.1/STM32CubeIDE/plugins/com.st.stm32cube.ide.mcu.externaltools.gnu-tools-for-stm32.14.3.rel1.win32_1.0.100.202602081740/tools/bin/../lib/gcc/arm-none-eabi/14.3.1/../../../../arm-none-eabi/lib/thumb/v7e-m+dp/hard\libc_nano.a(libc_a-msizer.o)
                0x08007354                _malloc_usable_size_r
 *(.glue_7)
 .glue_7        0x08007364        0x0 linker stubs
 *(.glue_7t)
 .glue_7t       0x08007364        0x0 linker stubs
 *(.eh_frame)
 .eh_frame      0x08007364        0x0 C:/ST/STM32CubeIDE_2.1.1/STM32CubeIDE/plugins/com.st.stm32cube.ide.mcu.externaltools.gnu-tools-for-stm32.14.3.rel1.win32_1.0.100.202602081740/tools/bin/../lib/gcc/arm-none-eabi/14.3.1/thumb/v7e-m+dp/hard/crtbegin.o
 *(.init)
 .init          0x08007364        0x4 C:/ST/STM32CubeIDE_2.1.1/STM32CubeIDE/plugins/com.st.stm32cube.ide.mcu.externaltools.gnu-tools-for-stm32.14.3.rel1.win32_1.0.100.202602081740/tools/bin/../lib/gcc/arm-none-eabi/14.3.1/thumb/v7e-m+dp/hard/crti.o
                0x08007364                _init
 .init          0x08007368        0x8 C:/ST/STM32CubeIDE_2.1.1/STM32CubeIDE/plugins/com.st.stm32cube.ide.mcu.externaltools.gnu-tools-for-stm32.14.3.rel1.win32_1.0.100.202602081740/tools/bin/../lib/gcc/arm-none-eabi/14.3.1/thumb/v7e-m+dp/hard/crtn.o
 *(.fini)
 .fini          0x08007370        0x4 C:/ST/STM32CubeIDE_2.1.1/STM32CubeIDE/plugins/com.st.stm32cube.ide.mcu.externaltools.gnu-tools-for-stm32.14.3.rel1.win32_1.0.100.202602081740/tools/bin/../lib/gcc/arm-none-eabi/14.3.1/thumb/v7e-m+dp/hard/crti.o
                0x08007370                _fini
 .fini          0x08007374        0x8 C:/ST/STM32CubeIDE_2.1.1/STM32CubeIDE/plugins/com.st.stm32cube.ide.mcu.externaltools.gnu-tools-for-stm32.14.3.rel1.win32_1.0.100.202602081740/tools/bin/../lib/gcc/arm-none-eabi/14.3.1/thumb/v7e-m+dp/hard/crtn.o
                0x0800737c                        . = ALIGN (0x4)
                0x0800737c                        _etext = .

.vfp11_veneer   0x0800737c        0x0
 .vfp11_veneer  0x0800737c        0x0 linker stubs

.v4_bx          0x0800737c        0x0
 .v4_bx         0x0800737c        0x0 linker stubs

.iplt           0x0800737c        0x0
 .iplt          0x0800737c        0x0 C:/ST/STM32CubeIDE_2.1.1/STM32CubeIDE/plugins/com.st.stm32cube.ide.mcu.externaltools.gnu-tools-for-stm32.14.3.rel1.win32_1.0.100.202602081740/tools/bin/../lib/gcc/arm-none-eabi/14.3.1/thumb/v7e-m+dp/hard/crtbegin.o

.rodata         0x0800737c       0xac
                0x0800737c                        . = ALIGN (0x4)
 *(.rodata)
 .rodata        0x0800737c       0x5f ./Core/Src/main.o
 *(.rodata*)
 *fill*         0x080073db        0x1 
 .rodata.AHBPrescTable
                0x080073dc       0x10 ./Core/Src/system_stm32f7xx.o
                0x080073dc                AHBPrescTable
 .rodata.APBPrescTable
                0x080073ec        0x8 ./Core/Src/system_stm32f7xx.o
                0x080073ec                APBPrescTable
 .rodata._svfprintf_r.str1.1
                0x080073f4       0x33 C:/ST/STM32CubeIDE_2.1.1/STM32CubeIDE/plugins/com.st.stm32cube.ide.mcu.externaltools.gnu-tools-for-stm32.14.3.rel1.win32_1.0.100.202602081740/tools/bin/../lib/gcc/arm-none-eabi/14.3.1/../../../../arm-none-eabi/lib/thumb/v7e-m+dp/hard\libc_nano.a(libc_a-nano-svfprintf.o)
                                 0x11 (size before relaxing)
 .rodata._printf_i.str1.1
                0x08007427       0x22 C:/ST/STM32CubeIDE_2.1.1/STM32CubeIDE/plugins/com.st.stm32cube.ide.mcu.externaltools.gnu-tools-for-stm32.14.3.rel1.win32_1.0.100.202602081740/tools/bin/../lib/gcc/arm-none-eabi/14.3.1/../../../../arm-none-eabi/lib/thumb/v7e-m+dp/hard\libc_nano.a(libc_a-nano-vfprintf_i.o)
                0x0800744c                        . = ALIGN (0x4)
 *fill*         0x08007427        0x1 

.ARM.extab      0x08007428        0x0
                0x08007428                        . = ALIGN (0x4)
 *(.ARM.extab* .gnu.linkonce.armextab.*)
                0x08007428                        . = ALIGN (0x4)

.ARM            0x08007428        0x8
                0x08007428                        . = ALIGN (0x4)
                0x08007428                        __exidx_start = .
 *(.ARM.exidx*)
 .ARM.exidx     0x08007428        0x8 C:/ST/STM32CubeIDE_2.1.1/STM32CubeIDE/plugins/com.st.stm32cube.ide.mcu.externaltools.gnu-tools-for-stm32.14.3.rel1.win32_1.0.100.202602081740/tools/bin/../lib/gcc/arm-none-eabi/14.3.1/../../../../arm-none-eabi/lib/thumb/v7e-m+dp/hard\libc_nano.a(libc_a-strlen.o)
 .ARM.exidx     0x08007430        0x0 C:/ST/STM32CubeIDE_2.1.1/STM32CubeIDE/plugins/com.st.stm32cube.ide.mcu.externaltools.gnu-tools-for-stm32.14.3.rel1.win32_1.0.100.202602081740/tools/bin/../lib/gcc/arm-none-eabi/14.3.1/../../../../arm-none-eabi/lib/thumb/v7e-m+dp/hard\libc_nano.a(libc_a-memchr.o)
                                  0x8 (size before relaxing)
 .ARM.exidx     0x08007430        0x0 C:/ST/STM32CubeIDE_2.1.1/STM32CubeIDE/plugins/com.st.stm32cube.ide.mcu.externaltools.gnu-tools-for-stm32.14.3.rel1.win32_1.0.100.202602081740/tools/bin/../lib/gcc/arm-none-eabi/14.3.1/thumb/v7e-m+dp/hard\libgcc.a(_udivmoddi4.o)
                                  0x8 (size before relaxing)
                0x08007430                        __exidx_end = .
                0x08007430                        . = ALIGN (0x4)

.preinit_array  0x08007430        0x0
                0x08007430                        . = ALIGN (0x4)
                0x08007430                        PROVIDE (__preinit_array_start = .)
 *(.preinit_array*)
                0x08007430                        PROVIDE (__preinit_array_end = .)
                0x08007430                        . = ALIGN (0x4)

.init_array     0x08007430        0x4
                0x08007430                        . = ALIGN (0x4)
                0x08007430                        PROVIDE (__init_array_start = .)
 *(SORT_BY_NAME(.init_array.*))
 *(.init_array*)
 .init_array    0x08007430        0x4 C:/ST/STM32CubeIDE_2.1.1/STM32CubeIDE/plugins/com.st.stm32cube.ide.mcu.externaltools.gnu-tools-for-stm32.14.3.rel1.win32_1.0.100.202602081740/tools/bin/../lib/gcc/arm-none-eabi/14.3.1/thumb/v7e-m+dp/hard/crtbegin.o
                0x08007434                        PROVIDE (__init_array_end = .)
                0x08007434                        . = ALIGN (0x4)

.fini_array     0x08007434        0x4
                0x08007434                        . = ALIGN (0x4)
                [!provide]                        PROVIDE (__fini_array_start = .)
 *(SORT_BY_NAME(.fini_array.*))
 *(.fini_array*)
 .fini_array    0x08007434        0x4 C:/ST/STM32CubeIDE_2.1.1/STM32CubeIDE/plugins/com.st.stm32cube.ide.mcu.externaltools.gnu-tools-for-stm32.14.3.rel1.win32_1.0.100.202602081740/tools/bin/../lib/gcc/arm-none-eabi/14.3.1/thumb/v7e-m+dp/hard/crtbegin.o
                [!provide]                        PROVIDE (__fini_array_end = .)
                0x08007438                        . = ALIGN (0x4)
                0x08007438                        _sidata = LOADADDR (.data)

.rel.dyn        0x08007438        0x0
 .rel.iplt      0x08007438        0x0 C:/ST/STM32CubeIDE_2.1.1/STM32CubeIDE/plugins/com.st.stm32cube.ide.mcu.externaltools.gnu-tools-for-stm32.14.3.rel1.win32_1.0.100.202602081740/tools/bin/../lib/gcc/arm-none-eabi/14.3.1/thumb/v7e-m+dp/hard/crtbegin.o

.data           0x20000000       0x5c load address 0x08007438
                0x20000000                        . = ALIGN (0x4)
                0x20000000                        _sdata = .
 *(.data)
 *(.data*)
 .data.SystemCoreClock
                0x20000000        0x4 ./Core/Src/system_stm32f7xx.o
                0x20000000                SystemCoreClock
 .data.uwTickPrio
                0x20000004        0x4 ./Drivers/STM32F7xx_HAL_Driver/Src/stm32f7xx_hal.o
                0x20000004                uwTickPrio
 .data.uwTickFreq
                0x20000008        0x1 ./Drivers/STM32F7xx_HAL_Driver/Src/stm32f7xx_hal.o
                0x20000008                uwTickFreq
 *fill*         0x20000009        0x3 
 .data._impure_ptr
                0x2000000c        0x4 C:/ST/STM32CubeIDE_2.1.1/STM32CubeIDE/plugins/com.st.stm32cube.ide.mcu.externaltools.gnu-tools-for-stm32.14.3.rel1.win32_1.0.100.202602081740/tools/bin/../lib/gcc/arm-none-eabi/14.3.1/../../../../arm-none-eabi/lib/thumb/v7e-m+dp/hard\libc_nano.a(libc_a-impure.o)
                0x2000000c                _impure_ptr
 .data._impure_data
                0x20000010       0x4c C:/ST/STM32CubeIDE_2.1.1/STM32CubeIDE/plugins/com.st.stm32cube.ide.mcu.externaltools.gnu-tools-for-stm32.14.3.rel1.win32_1.0.100.202602081740/tools/bin/../lib/gcc/arm-none-eabi/14.3.1/../../../../arm-none-eabi/lib/thumb/v7e-m+dp/hard\libc_nano.a(libc_a-impure.o)
                0x20000010                _impure_data
 *(.RamFunc)
 *(.RamFunc*)
                0x2000005c                        . = ALIGN (0x4)
                0x2000005c                        _edata = .

.igot.plt       0x2000005c        0x0 load address 0x08007494
 .igot.plt      0x2000005c        0x0 C:/ST/STM32CubeIDE_2.1.1/STM32CubeIDE/plugins/com.st.stm32cube.ide.mcu.externaltools.gnu-tools-for-stm32.14.3.rel1.win32_1.0.100.202602081740/tools/bin/../lib/gcc/arm-none-eabi/14.3.1/thumb/v7e-m+dp/hard/crtbegin.o

.RxDecripSection
                0x2000005c       0xa0 load address 0x08007494
 .RxDecripSection
                0x2000005c       0xa0 ./Core/Src/eth.o
                0x2000005c                DMARxDscrTab

.TxDecripSection
                0x200000fc       0xa0 load address 0x08007534
 .TxDecripSection
                0x200000fc       0xa0 ./Core/Src/eth.o
                0x200000fc                DMATxDscrTab
                0x2000019c                        . = ALIGN (0x4)

.bss            0x2000019c      0x9a0 load address 0x080075d4
                0x2000019c                        _sbss = .
                0x2000019c                        __bss_start__ = _sbss
 *(.bss)
 .bss           0x2000019c       0x1c C:/ST/STM32CubeIDE_2.1.1/STM32CubeIDE/plugins/com.st.stm32cube.ide.mcu.externaltools.gnu-tools-for-stm32.14.3.rel1.win32_1.0.100.202602081740/tools/bin/../lib/gcc/arm-none-eabi/14.3.1/thumb/v7e-m+dp/hard/crtbegin.o
 *(.bss*)
 .bss.led1_duty
                0x200001b8        0x1 ./Core/Src/Bsp.o
 .bss.led2_duty
                0x200001b9        0x1 ./Core/Src/Bsp.o
 .bss.led3_duty
                0x200001ba        0x1 ./Core/Src/Bsp.o
 *fill*         0x200001bb        0x1 
 .bss.pwm_counter
                0x200001bc        0x4 ./Core/Src/Bsp.o
 .bss.bsp       0x200001c0        0x5 ./Core/Src/Bsp.o
 *fill*         0x200001c5        0x3 
 .bss.buttonState
                0x200001c8        0x2 ./Core/Src/Button.o
 *fill*         0x200001ca        0x2 
 .bss.ledPwm    0x200001cc        0x5 ./Core/Src/LedPwm.o
 *fill*         0x200001d1        0x3 
 .bss.sampler   0x200001d4       0xd0 ./Core/Src/Sampler.o
 .bss.serialCmd
                0x200002a4        0xc ./Core/Src/SerialCmd.o
 .bss.hadc1     0x200002b0       0x48 ./Core/Src/adc.o
                0x200002b0                hadc1
 .bss.TxConfig  0x200002f8       0x38 ./Core/Src/eth.o
                0x200002f8                TxConfig
 .bss.heth      0x20000330       0xb0 ./Core/Src/eth.o
                0x20000330                heth
 .bss.MACAddr.0
                0x200003e0        0x6 ./Core/Src/eth.o
 *fill*         0x200003e6        0x2 
 .bss.one_second_counter.0
                0x200003e8        0x4 ./Core/Src/main.o
 .bss.__sbrk_heap_end
                0x200003ec        0x4 ./Core/Src/sysmem.o
 .bss.htim6     0x200003f0       0x4c ./Core/Src/tim.o
                0x200003f0                htim6
 .bss.htim7     0x2000043c       0x4c ./Core/Src/tim.o
                0x2000043c                htim7
 .bss.huart3    0x20000488       0x88 ./Core/Src/usart.o
                0x20000488                huart3
 .bss.hpcd_USB_OTG_FS
                0x20000510      0x4e0 ./Core/Src/usb_otg.o
                0x20000510                hpcd_USB_OTG_FS
 .bss.uwTick    0x200009f0        0x4 ./Drivers/STM32F7xx_HAL_Driver/Src/stm32f7xx_hal.o
                0x200009f0                uwTick
 .bss.__sf      0x200009f4      0x138 C:/ST/STM32CubeIDE_2.1.1/STM32CubeIDE/plugins/com.st.stm32cube.ide.mcu.externaltools.gnu-tools-for-stm32.14.3.rel1.win32_1.0.100.202602081740/tools/bin/../lib/gcc/arm-none-eabi/14.3.1/../../../../arm-none-eabi/lib/thumb/v7e-m+dp/hard\libc_nano.a(libc_a-findfp.o)
                0x200009f4                __sf
 .bss.errno     0x20000b2c        0x4 C:/ST/STM32CubeIDE_2.1.1/STM32CubeIDE/plugins/com.st.stm32cube.ide.mcu.externaltools.gnu-tools-for-stm32.14.3.rel1.win32_1.0.100.202602081740/tools/bin/../lib/gcc/arm-none-eabi/14.3.1/../../../../arm-none-eabi/lib/thumb/v7e-m+dp/hard\libc_nano.a(libc_a-reent.o)
                0x20000b2c                errno
 .bss.__lock___malloc_recursive_mutex
                0x20000b30        0x1 C:/ST/STM32CubeIDE_2.1.1/STM32CubeIDE/plugins/com.st.stm32cube.ide.mcu.externaltools.gnu-tools-for-stm32.14.3.rel1.win32_1.0.100.202602081740/tools/bin/../lib/gcc/arm-none-eabi/14.3.1/../../../../arm-none-eabi/lib/thumb/v7e-m+dp/hard\libc_nano.a(libc_a-lock.o)
                0x20000b30                __lock___malloc_recursive_mutex
 *fill*         0x20000b31        0x3 
 .bss.__malloc_sbrk_start
                0x20000b34        0x4 C:/ST/STM32CubeIDE_2.1.1/STM32CubeIDE/plugins/com.st.stm32cube.ide.mcu.externaltools.gnu-tools-for-stm32.14.3.rel1.win32_1.0.100.202602081740/tools/bin/../lib/gcc/arm-none-eabi/14.3.1/../../../../arm-none-eabi/lib/thumb/v7e-m+dp/hard\libc_nano.a(libc_a-mallocr.o)
                0x20000b34                __malloc_sbrk_start
 .bss.__malloc_free_list
                0x20000b38        0x4 C:/ST/STM32CubeIDE_2.1.1/STM32CubeIDE/plugins/com.st.stm32cube.ide.mcu.externaltools.gnu-tools-for-stm32.14.3.rel1.win32_1.0.100.202602081740/tools/bin/../lib/gcc/arm-none-eabi/14.3.1/../../../../arm-none-eabi/lib/thumb/v7e-m+dp/hard\libc_nano.a(libc_a-mallocr.o)
                0x20000b38                __malloc_free_list
 *(COMMON)
                0x20000b3c                        . = ALIGN (0x4)
                0x20000b3c                        _ebss = .
                0x20000b3c                        __bss_end__ = _ebss

._user_heap_stack
                0x20000b3c      0x604 load address 0x080075d4
                0x20000b40                        . = ALIGN (0x8)
 *fill*         0x20000b3c        0x4 
                [!provide]                        PROVIDE (end = .)
                0x20000b40                        PROVIDE (_end = .)
                0x20000d40                        . = (. + _Min_Heap_Size)
 *fill*         0x20000b40      0x200 
                0x20001140                        . = (. + _Min_Stack_Size)
 *fill*         0x20000d40      0x400 
                0x20001140                        . = ALIGN (0x8)

/DISCARD/
 libc.a(*)
 libm.a(*)
 libgcc.a(*)

.ARM.attributes
                0x00000000       0x2e
 *(.ARM.attributes)
 .ARM.attributes
                0x00000000       0x20 C:/ST/STM32CubeIDE_2.1.1/STM32CubeIDE/plugins/com.st.stm32cube.ide.mcu.externaltools.gnu-tools-for-stm32.14.3.rel1.win32_1.0.100.202602081740/tools/bin/../lib/gcc/arm-none-eabi/14.3.1/thumb/v7e-m+dp/hard/crti.o
 .ARM.attributes
                0x00000020       0x32 C:/ST/STM32CubeIDE_2.1.1/STM32CubeIDE/plugins/com.st.stm32cube.ide.mcu.externaltools.gnu-tools-for-stm32.14.3.rel1.win32_1.0.100.202602081740/tools/bin/../lib/gcc/arm-none-eabi/14.3.1/thumb/v7e-m+dp/hard/crtbegin.o
 .ARM.attributes
                0x00000052       0x32 ./Core/Src/Bsp.o
 .ARM.attributes
                0x00000084       0x32 ./Core/Src/Button.o
 .ARM.attributes
                0x000000b6       0x32 ./Core/Src/LedPwm.o
 .ARM.attributes
                0x000000e8       0x32 ./Core/Src/Sampler.o
 .ARM.attributes
                0x0000011a       0x32 ./Core/Src/SerialCmd.o
 .ARM.attributes
                0x0000014c       0x32 ./Core/Src/adc.o
 .ARM.attributes
                0x0000017e       0x32 ./Core/Src/eth.o
 .ARM.attributes
                0x000001b0       0x32 ./Core/Src/gpio.o
 .ARM.attributes
                0x000001e2       0x32 ./Core/Src/main.o
 .ARM.attributes
                0x00000214       0x32 ./Core/Src/stm32f7xx_hal_msp.o
 .ARM.attributes
                0x00000246       0x32 ./Core/Src/stm32f7xx_it.o
 .ARM.attributes
                0x00000278       0x32 ./Core/Src/sysmem.o
 .ARM.attributes
                0x000002aa       0x32 ./Core/Src/system_stm32f7xx.o
 .ARM.attributes
                0x000002dc       0x32 ./Core/Src/tim.o
 .ARM.attributes
                0x0000030e       0x32 ./Core/Src/usart.o
 .ARM.attributes
                0x00000340       0x32 ./Core/Src/usb_otg.o
 .ARM.attributes
                0x00000372       0x21 ./Core/Startup/startup_stm32f767zitx.o
 .ARM.attributes
                0x00000393       0x32 ./Drivers/STM32F7xx_HAL_Driver/Src/stm32f7xx_hal.o
 .ARM.attributes
                0x000003c5       0x32 ./Drivers/STM32F7xx_HAL_Driver/Src/stm32f7xx_hal_adc.o
 .ARM.attributes
                0x000003f7       0x32 ./Drivers/STM32F7xx_HAL_Driver/Src/stm32f7xx_hal_cortex.o
 .ARM.attributes
                0x00000429       0x32 ./Drivers/STM32F7xx_HAL_Driver/Src/stm32f7xx_hal_dma.o
 .ARM.attributes
                0x0000045b       0x32 ./Drivers/STM32F7xx_HAL_Driver/Src/stm32f7xx_hal_eth.o
 .ARM.attributes
                0x0000048d       0x32 ./Drivers/STM32F7xx_HAL_Driver/Src/stm32f7xx_hal_gpio.o
 .ARM.attributes
                0x000004bf       0x32 ./Drivers/STM32F7xx_HAL_Driver/Src/stm32f7xx_hal_pcd.o
 .ARM.attributes
                0x000004f1       0x32 ./Drivers/STM32F7xx_HAL_Driver/Src/stm32f7xx_hal_pcd_ex.o
 .ARM.attributes
                0x00000523       0x32 ./Drivers/STM32F7xx_HAL_Driver/Src/stm32f7xx_hal_pwr.o
 .ARM.attributes
                0x00000555       0x32 ./Drivers/STM32F7xx_HAL_Driver/Src/stm32f7xx_hal_pwr_ex.o
 .ARM.attributes
                0x00000587       0x32 ./Drivers/STM32F7xx_HAL_Driver/Src/stm32f7xx_hal_rcc.o
 .ARM.attributes
                0x000005b9       0x32 ./Drivers/STM32F7xx_HAL_Driver/Src/stm32f7xx_hal_rcc_ex.o
 .ARM.attributes
                0x000005eb       0x32 ./Drivers/STM32F7xx_HAL_Driver/Src/stm32f7xx_hal_tim.o
 .ARM.attributes
                0x0000061d       0x32 ./Drivers/STM32F7xx_HAL_Driver/Src/stm32f7xx_hal_tim_ex.o
 .ARM.attributes
                0x0000064f       0x32 ./Drivers/STM32F7xx_HAL_Driver/Src/stm32f7xx_hal_uart.o
 .ARM.attributes
                0x00000681       0x32 ./Drivers/STM32F7xx_HAL_Driver/Src/stm32f7xx_ll_usb.o
 .ARM.attributes
                0x000006b3       0x32 C:/ST/STM32CubeIDE_2.1.1/STM32CubeIDE/plugins/com.st.stm32cube.ide.mcu.externaltools.gnu-tools-for-stm32.14.3.rel1.win32_1.0.100.202602081740/tools/bin/../lib/gcc/arm-none-eabi/14.3.1/../../../../arm-none-eabi/lib/thumb/v7e-m+dp/hard\libc_nano.a(libc_a-findfp.o)
 .ARM.attributes
                0x000006e5       0x32 C:/ST/STM32CubeIDE_2.1.1/STM32CubeIDE/plugins/com.st.stm32cube.ide.mcu.externaltools.gnu-tools-for-stm32.14.3.rel1.win32_1.0.100.202602081740/tools/bin/../lib/gcc/arm-none-eabi/14.3.1/../../../../arm-none-eabi/lib/thumb/v7e-m+dp/hard\libc_nano.a(libc_a-snprintf.o)
 .ARM.attributes
                0x00000717       0x32 C:/ST/STM32CubeIDE_2.1.1/STM32CubeIDE/plugins/com.st.stm32cube.ide.mcu.externaltools.gnu-tools-for-stm32.14.3.rel1.win32_1.0.100.202602081740/tools/bin/../lib/gcc/arm-none-eabi/14.3.1/../../../../arm-none-eabi/lib/thumb/v7e-m+dp/hard\libc_nano.a(libc_a-memset.o)
 .ARM.attributes
                0x00000749       0x32 C:/ST/STM32CubeIDE_2.1.1/STM32CubeIDE/plugins/com.st.stm32cube.ide.mcu.externaltools.gnu-tools-for-stm32.14.3.rel1.win32_1.0.100.202602081740/tools/bin/../lib/gcc/arm-none-eabi/14.3.1/../../../../arm-none-eabi/lib/thumb/v7e-m+dp/hard\libc_nano.a(libc_a-reent.o)
 .ARM.attributes
                0x0000077b       0x32 C:/ST/STM32CubeIDE_2.1.1/STM32CubeIDE/plugins/com.st.stm32cube.ide.mcu.externaltools.gnu-tools-for-stm32.14.3.rel1.win32_1.0.100.202602081740/tools/bin/../lib/gcc/arm-none-eabi/14.3.1/../../../../arm-none-eabi/lib/thumb/v7e-m+dp/hard\libc_nano.a(libc_a-impure.o)
 .ARM.attributes
                0x000007ad       0x32 C:/ST/STM32CubeIDE_2.1.1/STM32CubeIDE/plugins/com.st.stm32cube.ide.mcu.externaltools.gnu-tools-for-stm32.14.3.rel1.win32_1.0.100.202602081740/tools/bin/../lib/gcc/arm-none-eabi/14.3.1/../../../../arm-none-eabi/lib/thumb/v7e-m+dp/hard\libc_nano.a(libc_a-errno.o)
 .ARM.attributes
                0x000007df       0x32 C:/ST/STM32CubeIDE_2.1.1/STM32CubeIDE/plugins/com.st.stm32cube.ide.mcu.externaltools.gnu-tools-for-stm32.14.3.rel1.win32_1.0.100.202602081740/tools/bin/../lib/gcc/arm-none-eabi/14.3.1/../../../../arm-none-eabi/lib/thumb/v7e-m+dp/hard\libc_nano.a(libc_a-init.o)
 .ARM.attributes
                0x00000811       0x32 C:/ST/STM32CubeIDE_2.1.1/STM32CubeIDE/plugins/com.st.stm32cube.ide.mcu.externaltools.gnu-tools-for-stm32.14.3.rel1.win32_1.0.100.202602081740/tools/bin/../lib/gcc/arm-none-eabi/14.3.1/../../../../arm-none-eabi/lib/thumb/v7e-m+dp/hard\libc_nano.a(libc_a-lock.o)
 .ARM.attributes
                0x00000843       0x17 C:/ST/STM32CubeIDE_2.1.1/STM32CubeIDE/plugins/com.st.stm32cube.ide.mcu.externaltools.gnu-tools-for-stm32.14.3.rel1.win32_1.0.100.202602081740/tools/bin/../lib/gcc/arm-none-eabi/14.3.1/../../../../arm-none-eabi/lib/thumb/v7e-m+dp/hard\libc_nano.a(libc_a-strlen.o)
 .ARM.attributes
                0x0000085a       0x32 C:/ST/STM32CubeIDE_2.1.1/STM32CubeIDE/plugins/com.st.stm32cube.ide.mcu.externaltools.gnu-tools-for-stm32.14.3.rel1.win32_1.0.100.202602081740/tools/bin/../lib/gcc/arm-none-eabi/14.3.1/../../../../arm-none-eabi/lib/thumb/v7e-m+dp/hard\libc_nano.a(libc_a-freer.o)
 .ARM.attributes
                0x0000088c       0x32 C:/ST/STM32CubeIDE_2.1.1/STM32CubeIDE/plugins/com.st.stm32cube.ide.mcu.externaltools.gnu-tools-for-stm32.14.3.rel1.win32_1.0.100.202602081740/tools/bin/../lib/gcc/arm-none-eabi/14.3.1/../../../../arm-none-eabi/lib/thumb/v7e-m+dp/hard\libc_nano.a(libc_a-mallocr.o)
 .ARM.attributes
                0x000008be       0x32 C:/ST/STM32CubeIDE_2.1.1/STM32CubeIDE/plugins/com.st.stm32cube.ide.mcu.externaltools.gnu-tools-for-stm32.14.3.rel1.win32_1.0.100.202602081740/tools/bin/../lib/gcc/arm-none-eabi/14.3.1/../../../../arm-none-eabi/lib/thumb/v7e-m+dp/hard\libc_nano.a(libc_a-mlock.o)
 .ARM.attributes
                0x000008f0       0x32 C:/ST/STM32CubeIDE_2.1.1/STM32CubeIDE/plugins/com.st.stm32cube.ide.mcu.externaltools.gnu-tools-for-stm32.14.3.rel1.win32_1.0.100.202602081740/tools/bin/../lib/gcc/arm-none-eabi/14.3.1/../../../../arm-none-eabi/lib/thumb/v7e-m+dp/hard\libc_nano.a(libc_a-nano-svfprintf.o)
 .ARM.attributes
                0x00000922       0x32 C:/ST/STM32CubeIDE_2.1.1/STM32CubeIDE/plugins/com.st.stm32cube.ide.mcu.externaltools.gnu-tools-for-stm32.14.3.rel1.win32_1.0.100.202602081740/tools/bin/../lib/gcc/arm-none-eabi/14.3.1/../../../../arm-none-eabi/lib/thumb/v7e-m+dp/hard\libc_nano.a(libc_a-nano-vfprintf_i.o)
 .ARM.attributes
                0x00000954       0x32 C:/ST/STM32CubeIDE_2.1.1/STM32CubeIDE/plugins/com.st.stm32cube.ide.mcu.externaltools.gnu-tools-for-stm32.14.3.rel1.win32_1.0.100.202602081740/tools/bin/../lib/gcc/arm-none-eabi/14.3.1/../../../../arm-none-eabi/lib/thumb/v7e-m+dp/hard\libc_nano.a(libc_a-memmove.o)
 .ARM.attributes
                0x00000986       0x32 C:/ST/STM32CubeIDE_2.1.1/STM32CubeIDE/plugins/com.st.stm32cube.ide.mcu.externaltools.gnu-tools-for-stm32.14.3.rel1.win32_1.0.100.202602081740/tools/bin/../lib/gcc/arm-none-eabi/14.3.1/../../../../arm-none-eabi/lib/thumb/v7e-m+dp/hard\libc_nano.a(libc_a-sbrkr.o)
 .ARM.attributes
                0x000009b8       0x1c C:/ST/STM32CubeIDE_2.1.1/STM32CubeIDE/plugins/com.st.stm32cube.ide.mcu.externaltools.gnu-tools-for-stm32.14.3.rel1.win32_1.0.100.202602081740/tools/bin/../lib/gcc/arm-none-eabi/14.3.1/../../../../arm-none-eabi/lib/thumb/v7e-m+dp/hard\libc_nano.a(libc_a-memchr.o)
 .ARM.attributes
                0x000009d4       0x32 C:/ST/STM32CubeIDE_2.1.1/STM32CubeIDE/plugins/com.st.stm32cube.ide.mcu.externaltools.gnu-tools-for-stm32.14.3.rel1.win32_1.0.100.202602081740/tools/bin/../lib/gcc/arm-none-eabi/14.3.1/../../../../arm-none-eabi/lib/thumb/v7e-m+dp/hard\libc_nano.a(libc_a-memcpy-stub.o)
 .ARM.attributes
                0x00000a06       0x32 C:/ST/STM32CubeIDE_2.1.1/STM32CubeIDE/plugins/com.st.stm32cube.ide.mcu.externaltools.gnu-tools-for-stm32.14.3.rel1.win32_1.0.100.202602081740/tools/bin/../lib/gcc/arm-none-eabi/14.3.1/../../../../arm-none-eabi/lib/thumb/v7e-m+dp/hard\libc_nano.a(libc_a-reallocr.o)
 .ARM.attributes
                0x00000a38       0x32 C:/ST/STM32CubeIDE_2.1.1/STM32CubeIDE/plugins/com.st.stm32cube.ide.mcu.externaltools.gnu-tools-for-stm32.14.3.rel1.win32_1.0.100.202602081740/tools/bin/../lib/gcc/arm-none-eabi/14.3.1/../../../../arm-none-eabi/lib/thumb/v7e-m+dp/hard\libc_nano.a(libc_a-msizer.o)
 .ARM.attributes
                0x00000a6a       0x20 C:/ST/STM32CubeIDE_2.1.1/STM32CubeIDE/plugins/com.st.stm32cube.ide.mcu.externaltools.gnu-tools-for-stm32.14.3.rel1.win32_1.0.100.202602081740/tools/bin/../lib/gcc/arm-none-eabi/14.3.1/thumb/v7e-m+dp/hard\libgcc.a(_aeabi_uldivmod.o)
 .ARM.attributes
                0x00000a8a       0x32 C:/ST/STM32CubeIDE_2.1.1/STM32CubeIDE/plugins/com.st.stm32cube.ide.mcu.externaltools.gnu-tools-for-stm32.14.3.rel1.win32_1.0.100.202602081740/tools/bin/../lib/gcc/arm-none-eabi/14.3.1/thumb/v7e-m+dp/hard\libgcc.a(_udivmoddi4.o)
 .ARM.attributes
                0x00000abc       0x20 C:/ST/STM32CubeIDE_2.1.1/STM32CubeIDE/plugins/com.st.stm32cube.ide.mcu.externaltools.gnu-tools-for-stm32.14.3.rel1.win32_1.0.100.202602081740/tools/bin/../lib/gcc/arm-none-eabi/14.3.1/thumb/v7e-m+dp/hard\libgcc.a(_dvmd_tls.o)
 .ARM.attributes
                0x00000adc       0x20 C:/ST/STM32CubeIDE_2.1.1/STM32CubeIDE/plugins/com.st.stm32cube.ide.mcu.externaltools.gnu-tools-for-stm32.14.3.rel1.win32_1.0.100.202602081740/tools/bin/../lib/gcc/arm-none-eabi/14.3.1/thumb/v7e-m+dp/hard/crtn.o
OUTPUT(ProjetoFinal.elf elf32-littlearm)
LOAD linker stubs
LOAD C:/ST/STM32CubeIDE_2.1.1/STM32CubeIDE/plugins/com.st.stm32cube.ide.mcu.externaltools.gnu-tools-for-stm32.14.3.rel1.win32_1.0.100.202602081740/tools/bin/../lib/gcc/arm-none-eabi/14.3.1/../../../../arm-none-eabi/lib/thumb/v7e-m+dp/hard\libc.a
LOAD C:/ST/STM32CubeIDE_2.1.1/STM32CubeIDE/plugins/com.st.stm32cube.ide.mcu.externaltools.gnu-tools-for-stm32.14.3.rel1.win32_1.0.100.202602081740/tools/bin/../lib/gcc/arm-none-eabi/14.3.1/../../../../arm-none-eabi/lib/thumb/v7e-m+dp/hard\libm.a
LOAD C:/ST/STM32CubeIDE_2.1.1/STM32CubeIDE/plugins/com.st.stm32cube.ide.mcu.externaltools.gnu-tools-for-stm32.14.3.rel1.win32_1.0.100.202602081740/tools/bin/../lib/gcc/arm-none-eabi/14.3.1/thumb/v7e-m+dp/hard\libgcc.a

.debug_info     0x00000000    0x1acbb
 .debug_info    0x00000000     0x115d ./Core/Src/Bsp.o
 .debug_info    0x0000115d      0x11b ./Core/Src/Button.o
 .debug_info    0x00001278      0x1e4 ./Core/Src/LedPwm.o
 .debug_info    0x0000145c      0x1ac ./Core/Src/Sampler.o
 .debug_info    0x00001608      0x169 ./Core/Src/SerialCmd.o
 .debug_info    0x00001771      0x9b9 ./Core/Src/adc.o
 .debug_info    0x0000212a      0xf6c ./Core/Src/eth.o
 .debug_info    0x00003096      0x465 ./Core/Src/gpio.o
 .debug_info    0x000034fb      0x7ca ./Core/Src/main.o
 .debug_info    0x00003cc5      0x28d ./Core/Src/stm32f7xx_hal_msp.o
 .debug_info    0x00003f52      0xad3 ./Core/Src/stm32f7xx_it.o
 .debug_info    0x00004a25      0x168 ./Core/Src/sysmem.o
 .debug_info    0x00004b8d      0x6ed ./Core/Src/system_stm32f7xx.o
 .debug_info    0x0000527a     0x1052 ./Core/Src/tim.o
 .debug_info    0x000062cc      0xf92 ./Core/Src/usart.o
 .debug_info    0x0000725e      0xc1d ./Core/Src/usb_otg.o
 .debug_info    0x00007e7b       0x30 ./Core/Startup/startup_stm32f767zitx.o
 .debug_info    0x00007eab      0xa4c ./Drivers/STM32F7xx_HAL_Driver/Src/stm32f7xx_hal.o
 .debug_info    0x000088f7      0xc92 ./Drivers/STM32F7xx_HAL_Driver/Src/stm32f7xx_hal_adc.o
 .debug_info    0x00009589      0xfc0 ./Drivers/STM32F7xx_HAL_Driver/Src/stm32f7xx_hal_cortex.o
 .debug_info    0x0000a549      0x8e7 ./Drivers/STM32F7xx_HAL_Driver/Src/stm32f7xx_hal_dma.o
 .debug_info    0x0000ae30     0x21b6 ./Drivers/STM32F7xx_HAL_Driver/Src/stm32f7xx_hal_eth.o
 .debug_info    0x0000cfe6      0x6f3 ./Drivers/STM32F7xx_HAL_Driver/Src/stm32f7xx_hal_gpio.o
 .debug_info    0x0000d6d9     0x1599 ./Drivers/STM32F7xx_HAL_Driver/Src/stm32f7xx_hal_pcd.o
 .debug_info    0x0000ec72      0x7a3 ./Drivers/STM32F7xx_HAL_Driver/Src/stm32f7xx_hal_pcd_ex.o
 .debug_info    0x0000f415      0x90e ./Drivers/STM32F7xx_HAL_Driver/Src/stm32f7xx_hal_pwr.o
 .debug_info    0x0000fd23      0x8cd ./Drivers/STM32F7xx_HAL_Driver/Src/stm32f7xx_hal_pwr_ex.o
 .debug_info    0x000105f0      0x94b ./Drivers/STM32F7xx_HAL_Driver/Src/stm32f7xx_hal_rcc.o
 .debug_info    0x00010f3b      0x6e1 ./Drivers/STM32F7xx_HAL_Driver/Src/stm32f7xx_hal_rcc_ex.o
 .debug_info    0x0001161c     0x2ad5 ./Drivers/STM32F7xx_HAL_Driver/Src/stm32f7xx_hal_tim.o
 .debug_info    0x000140f1     0x16bb ./Drivers/STM32F7xx_HAL_Driver/Src/stm32f7xx_hal_tim_ex.o
 .debug_info    0x000157ac     0x3b13 ./Drivers/STM32F7xx_HAL_Driver/Src/stm32f7xx_hal_uart.o
 .debug_info    0x000192bf     0x19fc ./Drivers/STM32F7xx_HAL_Driver/Src/stm32f7xx_ll_usb.o

.debug_abbrev   0x00000000     0x40c6
 .debug_abbrev  0x00000000      0x2b3 ./Core/Src/Bsp.o
 .debug_abbrev  0x000002b3       0xd8 ./Core/Src/Button.o
 .debug_abbrev  0x0000038b      0x188 ./Core/Src/LedPwm.o
 .debug_abbrev  0x00000513      0x11f ./Core/Src/Sampler.o
 .debug_abbrev  0x00000632      0x11d ./Core/Src/SerialCmd.o
 .debug_abbrev  0x0000074f      0x1f3 ./Core/Src/adc.o
 .debug_abbrev  0x00000942      0x249 ./Core/Src/eth.o
 .debug_abbrev  0x00000b8b      0x152 ./Core/Src/gpio.o
 .debug_abbrev  0x00000cdd      0x264 ./Core/Src/main.o
 .debug_abbrev  0x00000f41       0xd8 ./Core/Src/stm32f7xx_hal_msp.o
 .debug_abbrev  0x00001019      0x19c ./Core/Src/stm32f7xx_it.o
 .debug_abbrev  0x000011b5       0xbc ./Core/Src/sysmem.o
 .debug_abbrev  0x00001271      0x13b ./Core/Src/system_stm32f7xx.o
 .debug_abbrev  0x000013ac      0x22c ./Core/Src/tim.o
 .debug_abbrev  0x000015d8      0x218 ./Core/Src/usart.o
 .debug_abbrev  0x000017f0      0x230 ./Core/Src/usb_otg.o
 .debug_abbrev  0x00001a20       0x24 ./Core/Startup/startup_stm32f767zitx.o
 .debug_abbrev  0x00001a44      0x213 ./Drivers/STM32F7xx_HAL_Driver/Src/stm32f7xx_hal.o
 .debug_abbrev  0x00001c57      0x252 ./Drivers/STM32F7xx_HAL_Driver/Src/stm32f7xx_hal_adc.o
 .debug_abbrev  0x00001ea9      0x31e ./Drivers/STM32F7xx_HAL_Driver/Src/stm32f7xx_hal_cortex.o
 .debug_abbrev  0x000021c7      0x264 ./Drivers/STM32F7xx_HAL_Driver/Src/stm32f7xx_hal_dma.o
 .debug_abbrev  0x0000242b      0x35a ./Drivers/STM32F7xx_HAL_Driver/Src/stm32f7xx_hal_eth.o
 .debug_abbrev  0x00002785      0x1d4 ./Drivers/STM32F7xx_HAL_Driver/Src/stm32f7xx_hal_gpio.o
 .debug_abbrev  0x00002959      0x2ee ./Drivers/STM32F7xx_HAL_Driver/Src/stm32f7xx_hal_pcd.o
 .debug_abbrev  0x00002c47      0x1ca ./Drivers/STM32F7xx_HAL_Driver/Src/stm32f7xx_hal_pcd_ex.o
 .debug_abbrev  0x00002e11      0x1c5 ./Drivers/STM32F7xx_HAL_Driver/Src/stm32f7xx_hal_pwr.o
 .debug_abbrev  0x00002fd6      0x1d5 ./Drivers/STM32F7xx_HAL_Driver/Src/stm32f7xx_hal_pwr_ex.o
 .debug_abbrev  0x000031ab      0x2de ./Drivers/STM32F7xx_HAL_Driver/Src/stm32f7xx_hal_rcc.o
 .debug_abbrev  0x00003489      0x1c9 ./Drivers/STM32F7xx_HAL_Driver/Src/stm32f7xx_hal_rcc_ex.o
 .debug_abbrev  0x00003652      0x278 ./Drivers/STM32F7xx_HAL_Driver/Src/stm32f7xx_hal_tim.o
 .debug_abbrev  0x000038ca      0x283 ./Drivers/STM32F7xx_HAL_Driver/Src/stm32f7xx_hal_tim_ex.o
 .debug_abbrev  0x00003b4d      0x2e6 ./Drivers/STM32F7xx_HAL_Driver/Src/stm32f7xx_hal_uart.o
 .debug_abbrev  0x00003e33      0x293 ./Drivers/STM32F7xx_HAL_Driver/Src/stm32f7xx_ll_usb.o

.debug_aranges  0x00000000     0x1698
 .debug_aranges
                0x00000000       0xb8 ./Core/Src/Bsp.o
 .debug_aranges
                0x000000b8       0x30 ./Core/Src/Button.o
 .debug_aranges
                0x000000e8       0x40 ./Core/Src/LedPwm.o
 .debug_aranges
                0x00000128       0x40 ./Core/Src/Sampler.o
 .debug_aranges
                0x00000168       0x28 ./Core/Src/SerialCmd.o
 .debug_aranges
                0x00000190       0x30 ./Core/Src/adc.o
 .debug_aranges
                0x000001c0       0x30 ./Core/Src/eth.o
 .debug_aranges
                0x000001f0       0x20 ./Core/Src/gpio.o
 .debug_aranges
                0x00000210       0x38 ./Core/Src/main.o
 .debug_aranges
                0x00000248       0x20 ./Core/Src/stm32f7xx_hal_msp.o
 .debug_aranges
                0x00000268       0x70 ./Core/Src/stm32f7xx_it.o
 .debug_aranges
                0x000002d8       0x20 ./Core/Src/sysmem.o
 .debug_aranges
                0x000002f8       0x28 ./Core/Src/system_stm32f7xx.o
 .debug_aranges
                0x00000320       0x48 ./Core/Src/tim.o
 .debug_aranges
                0x00000368       0x30 ./Core/Src/usart.o
 .debug_aranges
                0x00000398       0x30 ./Core/Src/usb_otg.o
 .debug_aranges
                0x000003c8       0x28 ./Core/Startup/startup_stm32f767zitx.o
 .debug_aranges
                0x000003f0      0x110 ./Drivers/STM32F7xx_HAL_Driver/Src/stm32f7xx_hal.o
 .debug_aranges
                0x00000500       0xe8 ./Drivers/STM32F7xx_HAL_Driver/Src/stm32f7xx_hal_adc.o
 .debug_aranges
                0x000005e8      0x128 ./Drivers/STM32F7xx_HAL_Driver/Src/stm32f7xx_hal_cortex.o
 .debug_aranges
                0x00000710       0x90 ./Drivers/STM32F7xx_HAL_Driver/Src/stm32f7xx_hal_dma.o
 .debug_aranges
                0x000007a0      0x1e8 ./Drivers/STM32F7xx_HAL_Driver/Src/stm32f7xx_hal_eth.o
 .debug_aranges
                0x00000988       0x58 ./Drivers/STM32F7xx_HAL_Driver/Src/stm32f7xx_hal_gpio.o
 .debug_aranges
                0x000009e0      0x148 ./Drivers/STM32F7xx_HAL_Driver/Src/stm32f7xx_hal_pcd.o
 .debug_aranges
                0x00000b28       0x48 ./Drivers/STM32F7xx_HAL_Driver/Src/stm32f7xx_hal_pcd_ex.o
 .debug_aranges
                0x00000b70       0xa0 ./Drivers/STM32F7xx_HAL_Driver/Src/stm32f7xx_hal_pwr.o
 .debug_aranges
                0x00000c10       0x80 ./Drivers/STM32F7xx_HAL_Driver/Src/stm32f7xx_hal_pwr_ex.o
 .debug_aranges
                0x00000c90       0x88 ./Drivers/STM32F7xx_HAL_Driver/Src/stm32f7xx_hal_rcc.o
 .debug_aranges
                0x00000d18       0x50 ./Drivers/STM32F7xx_HAL_Driver/Src/stm32f7xx_hal_rcc_ex.o
 .debug_aranges
                0x00000d68      0x3e0 ./Drivers/STM32F7xx_HAL_Driver/Src/stm32f7xx_hal_tim.o
 .debug_aranges
                0x00001148      0x180 ./Drivers/STM32F7xx_HAL_Driver/Src/stm32f7xx_hal_tim_ex.o
 .debug_aranges
                0x000012c8      0x230 ./Drivers/STM32F7xx_HAL_Driver/Src/stm32f7xx_hal_uart.o
 .debug_aranges
                0x000014f8      0x1a0 ./Drivers/STM32F7xx_HAL_Driver/Src/stm32f7xx_ll_usb.o

.debug_rnglists
                0x00000000     0x1160
 .debug_rnglists
                0x00000000       0x86 ./Core/Src/Bsp.o
 .debug_rnglists
                0x00000086       0x1f ./Core/Src/Button.o
 .debug_rnglists
                0x000000a5       0x2b ./Core/Src/LedPwm.o
 .debug_rnglists
                0x000000d0       0x2c ./Core/Src/Sampler.o
 .debug_rnglists
                0x000000fc       0x1a ./Core/Src/SerialCmd.o
 .debug_rnglists
                0x00000116       0x21 ./Core/Src/adc.o
 .debug_rnglists
                0x00000137       0x21 ./Core/Src/eth.o
 .debug_rnglists
                0x00000158       0x14 ./Core/Src/gpio.o
 .debug_rnglists
                0x0000016c       0x27 ./Core/Src/main.o
 .debug_rnglists
                0x00000193       0x13 ./Core/Src/stm32f7xx_hal_msp.o
 .debug_rnglists
                0x000001a6       0x4f ./Core/Src/stm32f7xx_it.o
 .debug_rnglists
                0x000001f5       0x13 ./Core/Src/sysmem.o
 .debug_rnglists
                0x00000208       0x1a ./Core/Src/system_stm32f7xx.o
 .debug_rnglists
                0x00000222       0x34 ./Core/Src/tim.o
 .debug_rnglists
                0x00000256       0x20 ./Core/Src/usart.o
 .debug_rnglists
                0x00000276       0x20 ./Core/Src/usb_otg.o
 .debug_rnglists
                0x00000296       0x19 ./Core/Startup/startup_stm32f767zitx.o
 .debug_rnglists
                0x000002af       0xc7 ./Drivers/STM32F7xx_HAL_Driver/Src/stm32f7xx_hal.o
 .debug_rnglists
                0x00000376       0xb5 ./Drivers/STM32F7xx_HAL_Driver/Src/stm32f7xx_hal_adc.o
 .debug_rnglists
                0x0000042b       0xda ./Drivers/STM32F7xx_HAL_Driver/Src/stm32f7xx_hal_cortex.o
 .debug_rnglists
                0x00000505       0x70 ./Drivers/STM32F7xx_HAL_Driver/Src/stm32f7xx_hal_dma.o
 .debug_rnglists
                0x00000575      0x183 ./Drivers/STM32F7xx_HAL_Driver/Src/stm32f7xx_hal_eth.o
 .debug_rnglists
                0x000006f8       0x3f ./Drivers/STM32F7xx_HAL_Driver/Src/stm32f7xx_hal_gpio.o
 .debug_rnglists
                0x00000737       0xfa ./Drivers/STM32F7xx_HAL_Driver/Src/stm32f7xx_hal_pcd.o
 .debug_rnglists
                0x00000831       0x32 ./Drivers/STM32F7xx_HAL_Driver/Src/stm32f7xx_hal_pcd_ex.o
 .debug_rnglists
                0x00000863       0x74 ./Drivers/STM32F7xx_HAL_Driver/Src/stm32f7xx_hal_pwr.o
 .debug_rnglists
                0x000008d7       0x5f ./Drivers/STM32F7xx_HAL_Driver/Src/stm32f7xx_hal_pwr_ex.o
 .debug_rnglists
                0x00000936       0x67 ./Drivers/STM32F7xx_HAL_Driver/Src/stm32f7xx_hal_rcc.o
 .debug_rnglists
                0x0000099d       0x3c ./Drivers/STM32F7xx_HAL_Driver/Src/stm32f7xx_hal_rcc_ex.o
 .debug_rnglists
                0x000009d9      0x328 ./Drivers/STM32F7xx_HAL_Driver/Src/stm32f7xx_hal_tim.o
 .debug_rnglists
                0x00000d01      0x138 ./Drivers/STM32F7xx_HAL_Driver/Src/stm32f7xx_hal_tim_ex.o
 .debug_rnglists
                0x00000e39      0x1e0 ./Drivers/STM32F7xx_HAL_Driver/Src/stm32f7xx_hal_uart.o
 .debug_rnglists
                0x00001019      0x147 ./Drivers/STM32F7xx_HAL_Driver/Src/stm32f7xx_ll_usb.o

.debug_macro    0x00000000    0x2bca0
 .debug_macro   0x00000000      0x31f ./Core/Src/Bsp.o
 .debug_macro   0x0000031f      0xaf0 ./Core/Src/Bsp.o
 .debug_macro   0x00000e0f       0x22 ./Core/Src/Bsp.o
 .debug_macro   0x00000e31       0x22 ./Core/Src/Bsp.o
 .debug_macro   0x00000e53       0x8e ./Core/Src/Bsp.o
 .debug_macro   0x00000ee1       0x51 ./Core/Src/Bsp.o
 .debug_macro   0x00000f32      0x103 ./Core/Src/Bsp.o
 .debug_macro   0x00001035       0x6a ./Core/Src/Bsp.o
 .debug_macro   0x0000109f      0x1df ./Core/Src/Bsp.o
 .debug_macro   0x0000127e      0x29f ./Core/Src/Bsp.o
 .debug_macro   0x0000151d       0x2e ./Core/Src/Bsp.o
 .debug_macro   0x0000154b       0x3b ./Core/Src/Bsp.o
 .debug_macro   0x00001586       0x1c ./Core/Src/Bsp.o
 .debug_macro   0x000015a2       0x22 ./Core/Src/Bsp.o
 .debug_macro   0x000015c4       0xd9 ./Core/Src/Bsp.o
 .debug_macro   0x0000169d     0x12cd ./Core/Src/Bsp.o
 .debug_macro   0x0000296a      0x11f ./Core/Src/Bsp.o
 .debug_macro   0x00002a89       0x19 ./Core/Src/Bsp.o
 .debug_macro   0x00002aa2    0x1aa23 ./Core/Src/Bsp.o
 .debug_macro   0x0001d4c5       0x6d ./Core/Src/Bsp.o
 .debug_macro   0x0001d532     0x375e ./Core/Src/Bsp.o
 .debug_macro   0x00020c90      0x190 ./Core/Src/Bsp.o
 .debug_macro   0x00020e20       0x63 ./Core/Src/Bsp.o
 .debug_macro   0x00020e83     0x1add ./Core/Src/Bsp.o
 .debug_macro   0x00022960      0x6c4 ./Core/Src/Bsp.o
 .debug_macro   0x00023024      0x18b ./Core/Src/Bsp.o
 .debug_macro   0x000231af      0x115 ./Core/Src/Bsp.o
 .debug_macro   0x000232c4      0x26e ./Core/Src/Bsp.o
 .debug_macro   0x00023532       0xa5 ./Core/Src/Bsp.o
 .debug_macro   0x000235d7      0x24f ./Core/Src/Bsp.o
 .debug_macro   0x00023826       0x71 ./Core/Src/Bsp.o
 .debug_macro   0x00023897       0x58 ./Core/Src/Bsp.o
 .debug_macro   0x000238ef      0x236 ./Core/Src/Bsp.o
 .debug_macro   0x00023b25      0x416 ./Core/Src/Bsp.o
 .debug_macro   0x00023f3b      0x153 ./Core/Src/Bsp.o
 .debug_macro   0x0002408e      0x107 ./Core/Src/Bsp.o
 .debug_macro   0x00024195      0xb99 ./Core/Src/Bsp.o
 .debug_macro   0x00024d2e      0x14e ./Core/Src/Bsp.o
 .debug_macro   0x00024e7c      0x3db ./Core/Src/Bsp.o
 .debug_macro   0x00025257       0x12 ./Core/Src/Bsp.o
 .debug_macro   0x00025269      0x12e ./Core/Src/Bsp.o
 .debug_macro   0x00025397      0x108 ./Core/Src/Bsp.o
 .debug_macro   0x0002549f       0x35 ./Core/Src/Bsp.o
 .debug_macro   0x000254d4      0xa91 ./Core/Src/Bsp.o
 .debug_macro   0x00025f65       0xa9 ./Core/Src/Bsp.o
 .debug_macro   0x0002600e      0x5ba ./Core/Src/Bsp.o
 .debug_macro   0x000265c8       0x44 ./Core/Src/Bsp.o
 .debug_macro   0x0002660c      0x2cb ./Core/Src/Bsp.o
 .debug_macro   0x000268d7       0xba ./Core/Src/Bsp.o
 .debug_macro   0x00026991      0x15b ./Core/Src/Bsp.o
 .debug_macro   0x00026aec      0x13c ./Core/Src/Bsp.o
 .debug_macro   0x00026c28       0x61 ./Core/Src/Bsp.o
 .debug_macro   0x00026c89       0x29 ./Core/Src/Bsp.o
 .debug_macro   0x00026cb2       0x43 ./Core/Src/Bsp.o
 .debug_macro   0x00026cf5       0x34 ./Core/Src/Bsp.o
 .debug_macro   0x00026d29      0x364 ./Core/Src/Bsp.o
 .debug_macro   0x0002708d       0x16 ./Core/Src/Bsp.o
 .debug_macro   0x000270a3       0x4a ./Core/Src/Bsp.o
 .debug_macro   0x000270ed       0x34 ./Core/Src/Bsp.o
 .debug_macro   0x00027121       0x10 ./Core/Src/Bsp.o
 .debug_macro   0x00027131       0x58 ./Core/Src/Bsp.o
 .debug_macro   0x00027189       0x8e ./Core/Src/Bsp.o
 .debug_macro   0x00027217       0x1c ./Core/Src/Bsp.o
 .debug_macro   0x00027233      0x17e ./Core/Src/Bsp.o
 .debug_macro   0x000273b1       0x10 ./Core/Src/Bsp.o
 .debug_macro   0x000273c1       0x3c ./Core/Src/Bsp.o
 .debug_macro   0x000273fd       0x20 ./Core/Src/Bsp.o
 .debug_macro   0x0002741d      0x251 ./Core/Src/Button.o
 .debug_macro   0x0002766e      0x255 ./Core/Src/LedPwm.o
 .debug_macro   0x000278c3      0x25d ./Core/Src/Sampler.o
 .debug_macro   0x00027b20      0x255 ./Core/Src/SerialCmd.o
 .debug_macro   0x00027d75      0x22a ./Core/Src/adc.o
 .debug_macro   0x00027f9f      0x2f8 ./Core/Src/eth.o
 .debug_macro   0x00028297      0x22a ./Core/Src/gpio.o
 .debug_macro   0x000284c1      0x381 ./Core/Src/main.o
 .debug_macro   0x00028842       0x16 ./Core/Src/main.o
 .debug_macro   0x00028858       0x10 ./Core/Src/main.o
 .debug_macro   0x00028868       0x16 ./Core/Src/main.o
 .debug_macro   0x0002887e       0x16 ./Core/Src/main.o
 .debug_macro   0x00028894      0x146 ./Core/Src/main.o
 .debug_macro   0x000289da      0x220 ./Core/Src/stm32f7xx_hal_msp.o
 .debug_macro   0x00028bfa      0x22a ./Core/Src/stm32f7xx_it.o
 .debug_macro   0x00028e24      0x112 ./Core/Src/sysmem.o
 .debug_macro   0x00028f36      0x23c ./Core/Src/sysmem.o
 .debug_macro   0x00029172      0x211 ./Core/Src/system_stm32f7xx.o
 .debug_macro   0x00029383      0x22a ./Core/Src/tim.o
 .debug_macro   0x000295ad      0x22a ./Core/Src/usart.o
 .debug_macro   0x000297d7      0x22a ./Core/Src/usb_otg.o
 .debug_macro   0x00029a01      0x235 ./Drivers/STM32F7xx_HAL_Driver/Src/stm32f7xx_hal.o
 .debug_macro   0x00029c36      0x212 ./Drivers/STM32F7xx_HAL_Driver/Src/stm32f7xx_hal_adc.o
 .debug_macro   0x00029e48      0x211 ./Drivers/STM32F7xx_HAL_Driver/Src/stm32f7xx_hal_cortex.o
 .debug_macro   0x0002a059      0x217 ./Drivers/STM32F7xx_HAL_Driver/Src/stm32f7xx_hal_dma.o
 .debug_macro   0x0002a270      0x2eb ./Drivers/STM32F7xx_HAL_Driver/Src/stm32f7xx_hal_eth.o
 .debug_macro   0x0002a55b      0x217 ./Drivers/STM32F7xx_HAL_Driver/Src/stm32f7xx_hal_gpio.o
 .debug_macro   0x0002a772      0x21d ./Drivers/STM32F7xx_HAL_Driver/Src/stm32f7xx_hal_pcd.o
 .debug_macro   0x0002a98f      0x211 ./Drivers/STM32F7xx_HAL_Driver/Src/stm32f7xx_hal_pcd_ex.o
 .debug_macro   0x0002aba0      0x22f ./Drivers/STM32F7xx_HAL_Driver/Src/stm32f7xx_hal_pwr.o
 .debug_macro   0x0002adcf      0x229 ./Drivers/STM32F7xx_HAL_Driver/Src/stm32f7xx_hal_pwr_ex.o
 .debug_macro   0x0002aff8      0x235 ./Drivers/STM32F7xx_HAL_Driver/Src/stm32f7xx_hal_rcc.o
 .debug_macro   0x0002b22d      0x211 ./Drivers/STM32F7xx_HAL_Driver/Src/stm32f7xx_hal_rcc_ex.o
 .debug_macro   0x0002b43e      0x212 ./Drivers/STM32F7xx_HAL_Driver/Src/stm32f7xx_hal_tim.o
 .debug_macro   0x0002b650      0x211 ./Drivers/STM32F7xx_HAL_Driver/Src/stm32f7xx_hal_tim_ex.o
 .debug_macro   0x0002b861      0x22e ./Drivers/STM32F7xx_HAL_Driver/Src/stm32f7xx_hal_uart.o
 .debug_macro   0x0002ba8f      0x211 ./Drivers/STM32F7xx_HAL_Driver/Src/stm32f7xx_ll_usb.o

.debug_line     0x00000000    0x1e731
 .debug_line    0x00000000      0xbb5 ./Core/Src/Bsp.o
 .debug_line    0x00000bb5      0x873 ./Core/Src/Button.o
 .debug_line    0x00001428      0x882 ./Core/Src/LedPwm.o
 .debug_line    0x00001caa      0x8cd ./Core/Src/Sampler.o
 .debug_line    0x00002577      0x8b1 ./Core/Src/SerialCmd.o
 .debug_line    0x00002e28      0x85b ./Core/Src/adc.o
 .debug_line    0x00003683      0x9e8 ./Core/Src/eth.o
 .debug_line    0x0000406b      0x807 ./Core/Src/gpio.o
 .debug_line    0x00004872      0xb27 ./Core/Src/main.o
 .debug_line    0x00005399      0x7d3 ./Core/Src/stm32f7xx_hal_msp.o
 .debug_line    0x00005b6c      0x8b2 ./Core/Src/stm32f7xx_it.o
 .debug_line    0x0000641e      0x58d ./Core/Src/sysmem.o
 .debug_line    0x000069ab      0x847 ./Core/Src/system_stm32f7xx.o
 .debug_line    0x000071f2      0x99f ./Core/Src/tim.o
 .debug_line    0x00007b91      0x860 ./Core/Src/usart.o
 .debug_line    0x000083f1      0x86c ./Core/Src/usb_otg.o
 .debug_line    0x00008c5d       0x7a ./Core/Startup/startup_stm32f767zitx.o
 .debug_line    0x00008cd7      0xb2d ./Drivers/STM32F7xx_HAL_Driver/Src/stm32f7xx_hal.o
 .debug_line    0x00009804     0x12bf ./Drivers/STM32F7xx_HAL_Driver/Src/stm32f7xx_hal_adc.o
 .debug_line    0x0000aac3      0xd7a ./Drivers/STM32F7xx_HAL_Driver/Src/stm32f7xx_hal_cortex.o
 .debug_line    0x0000b83d     0x1044 ./Drivers/STM32F7xx_HAL_Driver/Src/stm32f7xx_hal_dma.o
 .debug_line    0x0000c881     0x1ada ./Drivers/STM32F7xx_HAL_Driver/Src/stm32f7xx_hal_eth.o
 .debug_line    0x0000e35b      0xc51 ./Drivers/STM32F7xx_HAL_Driver/Src/stm32f7xx_hal_gpio.o
 .debug_line    0x0000efac     0x14cc ./Drivers/STM32F7xx_HAL_Driver/Src/stm32f7xx_hal_pcd.o
 .debug_line    0x00010478      0x8e5 ./Drivers/STM32F7xx_HAL_Driver/Src/stm32f7xx_hal_pcd_ex.o
 .debug_line    0x00010d5d      0x9fa ./Drivers/STM32F7xx_HAL_Driver/Src/stm32f7xx_hal_pwr.o
 .debug_line    0x00011757      0xaca ./Drivers/STM32F7xx_HAL_Driver/Src/stm32f7xx_hal_pwr_ex.o
 .debug_line    0x00012221     0x1031 ./Drivers/STM32F7xx_HAL_Driver/Src/stm32f7xx_hal_rcc.o
 .debug_line    0x00013252      0xf7d ./Drivers/STM32F7xx_HAL_Driver/Src/stm32f7xx_hal_rcc_ex.o
 .debug_line    0x000141cf     0x3d9b ./Drivers/STM32F7xx_HAL_Driver/Src/stm32f7xx_hal_tim.o
 .debug_line    0x00017f6a     0x1c00 ./Drivers/STM32F7xx_HAL_Driver/Src/stm32f7xx_hal_tim_ex.o
 .debug_line    0x00019b6a     0x2de6 ./Drivers/STM32F7xx_HAL_Driver/Src/stm32f7xx_hal_uart.o
 .debug_line    0x0001c950     0x1de1 ./Drivers/STM32F7xx_HAL_Driver/Src/stm32f7xx_ll_usb.o

.debug_str      0x00000000   0x107e1f
 .debug_str     0x00000000   0x107e1f ./Core/Src/Bsp.o
                             0x100b4e (size before relaxing)
 .debug_str     0x00107e1f    0xfcdc3 ./Core/Src/Button.o
 .debug_str     0x00107e1f    0xfcdd6 ./Core/Src/LedPwm.o
 .debug_str     0x00107e1f    0xfcdde ./Core/Src/Sampler.o
 .debug_str     0x00107e1f    0xfcd8e ./Core/Src/SerialCmd.o
 .debug_str     0x00107e1f    0xfd306 ./Core/Src/adc.o
 .debug_str     0x00107e1f   0x1006dd ./Core/Src/eth.o
 .debug_str     0x00107e1f    0xfce94 ./Core/Src/gpio.o
 .debug_str     0x00107e1f   0x100aa2 ./Core/Src/main.o
 .debug_str     0x00107e1f    0xfcdc9 ./Core/Src/stm32f7xx_hal_msp.o
 .debug_str     0x00107e1f    0xfd552 ./Core/Src/stm32f7xx_it.o
 .debug_str     0x00107e1f     0x7758 ./Core/Src/sysmem.o
 .debug_str     0x00107e1f    0xfca5a ./Core/Src/system_stm32f7xx.o
 .debug_str     0x00107e1f    0xfdcb6 ./Core/Src/tim.o
 .debug_str     0x00107e1f    0xfdcd8 ./Core/Src/usart.o
 .debug_str     0x00107e1f    0xfd5e2 ./Core/Src/usb_otg.o
 .debug_str     0x00107e1f       0x87 ./Core/Startup/startup_stm32f767zitx.o